=== STAGE 2: all theorem stubs ===
Sun Aug  9 20:27:03 UTC 2026
✖ [3605/3727] Building Theorems.Thm_QuantumParallelRepetition_unconditionalSourcePhysicalRounding_exists_fairStoppingHazard (3.4s)
trace: .> LEAN_PATH=/home/user/prove2me_workspace/.lake/packages/Cli/.lake/build/lib/lean:/home/user/prove2me_workspace/.lake/packages/batteries/.lake/build/lib/lean:/home/user/prove2me_workspace/.lake/packages/Qq/.lake/build/lib/lean:/home/user/prove2me_workspace/.lake/packages/aesop/.lake/build/lib/lean:/home/user/prove2me_workspace/.lake/packages/proofwidgets/.lake/build/lib/lean:/home/user/prove2me_workspace/.lake/packages/importGraph/.lake/build/lib/lean:/home/user/prove2me_workspace/.lake/packages/LeanSearchClient/.lake/build/lib/lean:/home/user/prove2me_workspace/.lake/packages/plausible/.lake/build/lib/lean:/home/user/prove2me_workspace/.lake/packages/mathlib/.lake/build/lib/lean:/home/user/prove2me_workspace/.lake/build/lib/lean /root/.elan/toolchains/leanprover--lean4---v4.30.0/bin/lean /home/user/prove2me_workspace/Theorems/Thm_QuantumParallelRepetition_unconditionalSourcePhysicalRounding_exists_fairStoppingHazard.lean -o /home/user/prove2me_workspace/.lake/build/lib/lean/Theorems/Thm_QuantumParallelRepetition_unconditionalSourcePhysicalRounding_exists_fairStoppingHazard.olean -i /home/user/prove2me_workspace/.lake/build/lib/lean/Theorems/Thm_QuantumParallelRepetition_unconditionalSourcePhysicalRounding_exists_fairStoppingHazard.ilean -c /home/user/prove2me_workspace/.lake/build/ir/Theorems/Thm_QuantumParallelRepetition_unconditionalSourcePhysicalRounding_exists_fairStoppingHazard.c --setup /home/user/prove2me_workspace/.lake/build/ir/Theorems/Thm_QuantumParallelRepetition_unconditionalSourcePhysicalRounding_exists_fairStoppingHazard.setup.json --json
error: Theorems/Thm_QuantumParallelRepetition_unconditionalSourcePhysicalRounding_exists_fairStoppingHazard.lean:493:0: unexpected end of input
error: Lean exited with code 1
✖ [3694/3727] Building Theorems.Thm_QuantumParallelRepetition_unconditionalSourcePhysicalSameGridWeightedStoppingLedger (3.0s)
trace: .> LEAN_PATH=/home/user/prove2me_workspace/.lake/packages/Cli/.lake/build/lib/lean:/home/user/prove2me_workspace/.lake/packages/batteries/.lake/build/lib/lean:/home/user/prove2me_workspace/.lake/packages/Qq/.lake/build/lib/lean:/home/user/prove2me_workspace/.lake/packages/aesop/.lake/build/lib/lean:/home/user/prove2me_workspace/.lake/packages/proofwidgets/.lake/build/lib/lean:/home/user/prove2me_workspace/.lake/packages/importGraph/.lake/build/lib/lean:/home/user/prove2me_workspace/.lake/packages/LeanSearchClient/.lake/build/lib/lean:/home/user/prove2me_workspace/.lake/packages/plausible/.lake/build/lib/lean:/home/user/prove2me_workspace/.lake/packages/mathlib/.lake/build/lib/lean:/home/user/prove2me_workspace/.lake/build/lib/lean /root/.elan/toolchains/leanprover--lean4---v4.30.0/bin/lean /home/user/prove2me_workspace/Theorems/Thm_QuantumParallelRepetition_unconditionalSourcePhysicalSameGridWeightedStoppingLedger.lean -o /home/user/prove2me_workspace/.lake/build/lib/lean/Theorems/Thm_QuantumParallelRepetition_unconditionalSourcePhysicalSameGridWeightedStoppingLedger.olean -i /home/user/prove2me_workspace/.lake/build/lib/lean/Theorems/Thm_QuantumParallelRepetition_unconditionalSourcePhysicalSameGridWeightedStoppingLedger.ilean -c /home/user/prove2me_workspace/.lake/build/ir/Theorems/Thm_QuantumParallelRepetition_unconditionalSourcePhysicalSameGridWeightedStoppingLedger.c --setup /home/user/prove2me_workspace/.lake/build/ir/Theorems/Thm_QuantumParallelRepetition_unconditionalSourcePhysicalSameGridWeightedStoppingLedger.setup.json --json
error: Theorems/Thm_QuantumParallelRepetition_unconditionalSourcePhysicalSameGridWeightedStoppingLedger.lean:480:0: unexpected end of input
error: Lean exited with code 1
Some required targets logged failures:
- Theorems.Thm_QuantumParallelRepetition_unconditionalSourcePhysicalRounding_exists_fairStoppingHazard
- Theorems.Thm_QuantumParallelRepetition_unconditionalSourcePhysicalSameGridWeightedStoppingLedger
error: build failed
=== STAGE 2 done ===
Sun Aug  9 20:28:50 UTC 2026
=== STAGE 3: all solutions ===
Sun Aug  9 20:28:50 UTC 2026
✖ [8639/8645] Building Solutions.Sol_QuantumParallelRepetition_exactFairBobMeanFilter_eq_jointPrefixOperatorFilter (10s)
trace: .> LEAN_PATH=/home/user/prove2me_workspace/.lake/packages/Cli/.lake/build/lib/lean:/home/user/prove2me_workspace/.lake/packages/batteries/.lake/build/lib/lean:/home/user/prove2me_workspace/.lake/packages/Qq/.lake/build/lib/lean:/home/user/prove2me_workspace/.lake/packages/aesop/.lake/build/lib/lean:/home/user/prove2me_workspace/.lake/packages/proofwidgets/.lake/build/lib/lean:/home/user/prove2me_workspace/.lake/packages/importGraph/.lake/build/lib/lean:/home/user/prove2me_workspace/.lake/packages/LeanSearchClient/.lake/build/lib/lean:/home/user/prove2me_workspace/.lake/packages/plausible/.lake/build/lib/lean:/home/user/prove2me_workspace/.lake/packages/mathlib/.lake/build/lib/lean:/home/user/prove2me_workspace/.lake/build/lib/lean /root/.elan/toolchains/leanprover--lean4---v4.30.0/bin/lean /home/user/prove2me_workspace/Solutions/Sol_QuantumParallelRepetition_exactFairBobMeanFilter_eq_jointPrefixOperatorFilter.lean -o /home/user/prove2me_workspace/.lake/build/lib/lean/Solutions/Sol_QuantumParallelRepetition_exactFairBobMeanFilter_eq_jointPrefixOperatorFilter.olean -i /home/user/prove2me_workspace/.lake/build/lib/lean/Solutions/Sol_QuantumParallelRepetition_exactFairBobMeanFilter_eq_jointPrefixOperatorFilter.ilean -c /home/user/prove2me_workspace/.lake/build/ir/Solutions/Sol_QuantumParallelRepetition_exactFairBobMeanFilter_eq_jointPrefixOperatorFilter.c --setup /home/user/prove2me_workspace/.lake/build/ir/Solutions/Sol_QuantumParallelRepetition_exactFairBobMeanFilter_eq_jointPrefixOperatorFilter.setup.json --json
error: Solutions/Sol_QuantumParallelRepetition_exactFairBobMeanFilter_eq_jointPrefixOperatorFilter.lean:567:13: Unknown constant `QuantumParallelRepetition.Game.repeat_questionWeight`
error: Solutions/Sol_QuantumParallelRepetition_exactFairBobMeanFilter_eq_jointPrefixOperatorFilter.lean:567:2: `simp` made no progress
error: Solutions/Sol_QuantumParallelRepetition_exactFairBobMeanFilter_eq_jointPrefixOperatorFilter.lean:628:13: Unknown constant `QuantumParallelRepetition.Game.repeat_questionWeight`
error: Solutions/Sol_QuantumParallelRepetition_exactFairBobMeanFilter_eq_jointPrefixOperatorFilter.lean:628:2: `simp` made no progress
error: Lean exited with code 1
✖ [8678/8686] Building Solutions.Sol_QuantumParallelRepetition_exactAliceConditionalMatrix_eq_joint (4.7s)
trace: .> LEAN_PATH=/home/user/prove2me_workspace/.lake/packages/Cli/.lake/build/lib/lean:/home/user/prove2me_workspace/.lake/packages/batteries/.lake/build/lib/lean:/home/user/prove2me_workspace/.lake/packages/Qq/.lake/build/lib/lean:/home/user/prove2me_workspace/.lake/packages/aesop/.lake/build/lib/lean:/home/user/prove2me_workspace/.lake/packages/proofwidgets/.lake/build/lib/lean:/home/user/prove2me_workspace/.lake/packages/importGraph/.lake/build/lib/lean:/home/user/prove2me_workspace/.lake/packages/LeanSearchClient/.lake/build/lib/lean:/home/user/prove2me_workspace/.lake/packages/plausible/.lake/build/lib/lean:/home/user/prove2me_workspace/.lake/packages/mathlib/.lake/build/lib/lean:/home/user/prove2me_workspace/.lake/build/lib/lean /root/.elan/toolchains/leanprover--lean4---v4.30.0/bin/lean /home/user/prove2me_workspace/Solutions/Sol_QuantumParallelRepetition_exactAliceConditionalMatrix_eq_joint.lean -o /home/user/prove2me_workspace/.lake/build/lib/lean/Solutions/Sol_QuantumParallelRepetition_exactAliceConditionalMatrix_eq_joint.olean -i /home/user/prove2me_workspace/.lake/build/lib/lean/Solutions/Sol_QuantumParallelRepetition_exactAliceConditionalMatrix_eq_joint.ilean -c /home/user/prove2me_workspace/.lake/build/ir/Solutions/Sol_QuantumParallelRepetition_exactAliceConditionalMatrix_eq_joint.c --setup /home/user/prove2me_workspace/.lake/build/ir/Solutions/Sol_QuantumParallelRepetition_exactAliceConditionalMatrix_eq_joint.setup.json --json
error: Solutions/Sol_QuantumParallelRepetition_exactAliceConditionalMatrix_eq_joint.lean:690:13: Unknown constant `QuantumParallelRepetition.Game.repeat_questionWeight`
error: Solutions/Sol_QuantumParallelRepetition_exactAliceConditionalMatrix_eq_joint.lean:690:2: `simp` made no progress
error: Solutions/Sol_QuantumParallelRepetition_exactAliceConditionalMatrix_eq_joint.lean:726:14: Unknown constant `QuantumParallelRepetition.Game.repeat_questionWeight`
error: Lean exited with code 1
✖ [8689/8698] Building Solutions.Sol_QuantumParallelRepetition_exactBobSourceMarginalInformation_le (114s)
trace: .> LEAN_PATH=/home/user/prove2me_workspace/.lake/packages/Cli/.lake/build/lib/lean:/home/user/prove2me_workspace/.lake/packages/batteries/.lake/build/lib/lean:/home/user/prove2me_workspace/.lake/packages/Qq/.lake/build/lib/lean:/home/user/prove2me_workspace/.lake/packages/aesop/.lake/build/lib/lean:/home/user/prove2me_workspace/.lake/packages/proofwidgets/.lake/build/lib/lean:/home/user/prove2me_workspace/.lake/packages/importGraph/.lake/build/lib/lean:/home/user/prove2me_workspace/.lake/packages/LeanSearchClient/.lake/build/lib/lean:/home/user/prove2me_workspace/.lake/packages/plausible/.lake/build/lib/lean:/home/user/prove2me_workspace/.lake/packages/mathlib/.lake/build/lib/lean:/home/user/prove2me_workspace/.lake/build/lib/lean /root/.elan/toolchains/leanprover--lean4---v4.30.0/bin/lean /home/user/prove2me_workspace/Solutions/Sol_QuantumParallelRepetition_exactBobSourceMarginalInformation_le.lean -o /home/user/prove2me_workspace/.lake/build/lib/lean/Solutions/Sol_QuantumParallelRepetition_exactBobSourceMarginalInformation_le.olean -i /home/user/prove2me_workspace/.lake/build/lib/lean/Solutions/Sol_QuantumParallelRepetition_exactBobSourceMarginalInformation_le.ilean -c /home/user/prove2me_workspace/.lake/build/ir/Solutions/Sol_QuantumParallelRepetition_exactBobSourceMarginalInformation_le.c --setup /home/user/prove2me_workspace/.lake/build/ir/Solutions/Sol_QuantumParallelRepetition_exactBobSourceMarginalInformation_le.setup.json --json
warning: Solutions/Sol_QuantumParallelRepetition_exactBobSourceMarginalInformation_le.lean:527:0: automatically included section variable(s) unused in theorem `QuantumParallelRepetition.ClassicalInformation.finite_log_sum_inequality`:
  [Fintype ι]
  [DecidableEq ι]
consider restructuring your `variable` declarations so that the variables are not in scope or explicitly omit them:
  omit [Fintype ι] [DecidableEq ι] in theorem ...

Note: This linter can be disabled with `set_option linter.unusedSectionVars false`
error: Solutions/Sol_QuantumParallelRepetition_exactBobSourceMarginalInformation_le.lean:1539:17: Unknown constant `QuantumParallelRepetition.Game.repeat_questionWeight`
error: Lean exited with code 1
✖ [8731/8744] Building Solutions.Sol_QuantumParallelRepetition_exactFairAliceMeanFilter_eq_jointPrefixOperatorFilter (11s)
trace: .> LEAN_PATH=/home/user/prove2me_workspace/.lake/packages/Cli/.lake/build/lib/lean:/home/user/prove2me_workspace/.lake/packages/batteries/.lake/build/lib/lean:/home/user/prove2me_workspace/.lake/packages/Qq/.lake/build/lib/lean:/home/user/prove2me_workspace/.lake/packages/aesop/.lake/build/lib/lean:/home/user/prove2me_workspace/.lake/packages/proofwidgets/.lake/build/lib/lean:/home/user/prove2me_workspace/.lake/packages/importGraph/.lake/build/lib/lean:/home/user/prove2me_workspace/.lake/packages/LeanSearchClient/.lake/build/lib/lean:/home/user/prove2me_workspace/.lake/packages/plausible/.lake/build/lib/lean:/home/user/prove2me_workspace/.lake/packages/mathlib/.lake/build/lib/lean:/home/user/prove2me_workspace/.lake/build/lib/lean /root/.elan/toolchains/leanprover--lean4---v4.30.0/bin/lean /home/user/prove2me_workspace/Solutions/Sol_QuantumParallelRepetition_exactFairAliceMeanFilter_eq_jointPrefixOperatorFilter.lean -o /home/user/prove2me_workspace/.lake/build/lib/lean/Solutions/Sol_QuantumParallelRepetition_exactFairAliceMeanFilter_eq_jointPrefixOperatorFilter.olean -i /home/user/prove2me_workspace/.lake/build/lib/lean/Solutions/Sol_QuantumParallelRepetition_exactFairAliceMeanFilter_eq_jointPrefixOperatorFilter.ilean -c /home/user/prove2me_workspace/.lake/build/ir/Solutions/Sol_QuantumParallelRepetition_exactFairAliceMeanFilter_eq_jointPrefixOperatorFilter.c --setup /home/user/prove2me_workspace/.lake/build/ir/Solutions/Sol_QuantumParallelRepetition_exactFairAliceMeanFilter_eq_jointPrefixOperatorFilter.setup.json --json
error: Solutions/Sol_QuantumParallelRepetition_exactFairAliceMeanFilter_eq_jointPrefixOperatorFilter.lean:567:13: Unknown constant `QuantumParallelRepetition.Game.repeat_questionWeight`
error: Solutions/Sol_QuantumParallelRepetition_exactFairAliceMeanFilter_eq_jointPrefixOperatorFilter.lean:567:2: `simp` made no progress
error: Solutions/Sol_QuantumParallelRepetition_exactFairAliceMeanFilter_eq_jointPrefixOperatorFilter.lean:628:13: Unknown constant `QuantumParallelRepetition.Game.repeat_questionWeight`
error: Solutions/Sol_QuantumParallelRepetition_exactFairAliceMeanFilter_eq_jointPrefixOperatorFilter.lean:628:2: `simp` made no progress
error: Lean exited with code 1
✖ [8761/8782] Building Theorems.Thm_QuantumParallelRepetition_unconditionalSourcePhysicalRounding_exists_fairStoppingHazard (6.4s)
trace: .> LEAN_PATH=/home/user/prove2me_workspace/.lake/packages/Cli/.lake/build/lib/lean:/home/user/prove2me_workspace/.lake/packages/batteries/.lake/build/lib/lean:/home/user/prove2me_workspace/.lake/packages/Qq/.lake/build/lib/lean:/home/user/prove2me_workspace/.lake/packages/aesop/.lake/build/lib/lean:/home/user/prove2me_workspace/.lake/packages/proofwidgets/.lake/build/lib/lean:/home/user/prove2me_workspace/.lake/packages/importGraph/.lake/build/lib/lean:/home/user/prove2me_workspace/.lake/packages/LeanSearchClient/.lake/build/lib/lean:/home/user/prove2me_workspace/.lake/packages/plausible/.lake/build/lib/lean:/home/user/prove2me_workspace/.lake/packages/mathlib/.lake/build/lib/lean:/home/user/prove2me_workspace/.lake/build/lib/lean /root/.elan/toolchains/leanprover--lean4---v4.30.0/bin/lean /home/user/prove2me_workspace/Theorems/Thm_QuantumParallelRepetition_unconditionalSourcePhysicalRounding_exists_fairStoppingHazard.lean -o /home/user/prove2me_workspace/.lake/build/lib/lean/Theorems/Thm_QuantumParallelRepetition_unconditionalSourcePhysicalRounding_exists_fairStoppingHazard.olean -i /home/user/prove2me_workspace/.lake/build/lib/lean/Theorems/Thm_QuantumParallelRepetition_unconditionalSourcePhysicalRounding_exists_fairStoppingHazard.ilean -c /home/user/prove2me_workspace/.lake/build/ir/Theorems/Thm_QuantumParallelRepetition_unconditionalSourcePhysicalRounding_exists_fairStoppingHazard.c --setup /home/user/prove2me_workspace/.lake/build/ir/Theorems/Thm_QuantumParallelRepetition_unconditionalSourcePhysicalRounding_exists_fairStoppingHazard.setup.json --json
error: Theorems/Thm_QuantumParallelRepetition_unconditionalSourcePhysicalRounding_exists_fairStoppingHazard.lean:493:0: unexpected end of input
error: Lean exited with code 1
✖ [8770/8786] Building Solutions.Sol_QuantumParallelRepetition_exactFairWinningOutcomeBornMass_eq_fiber_conditional (14s)
trace: .> LEAN_PATH=/home/user/prove2me_workspace/.lake/packages/Cli/.lake/build/lib/lean:/home/user/prove2me_workspace/.lake/packages/batteries/.lake/build/lib/lean:/home/user/prove2me_workspace/.lake/packages/Qq/.lake/build/lib/lean:/home/user/prove2me_workspace/.lake/packages/aesop/.lake/build/lib/lean:/home/user/prove2me_workspace/.lake/packages/proofwidgets/.lake/build/lib/lean:/home/user/prove2me_workspace/.lake/packages/importGraph/.lake/build/lib/lean:/home/user/prove2me_workspace/.lake/packages/LeanSearchClient/.lake/build/lib/lean:/home/user/prove2me_workspace/.lake/packages/plausible/.lake/build/lib/lean:/home/user/prove2me_workspace/.lake/packages/mathlib/.lake/build/lib/lean:/home/user/prove2me_workspace/.lake/build/lib/lean /root/.elan/toolchains/leanprover--lean4---v4.30.0/bin/lean /home/user/prove2me_workspace/Solutions/Sol_QuantumParallelRepetition_exactFairWinningOutcomeBornMass_eq_fiber_conditional.lean -o /home/user/prove2me_workspace/.lake/build/lib/lean/Solutions/Sol_QuantumParallelRepetition_exactFairWinningOutcomeBornMass_eq_fiber_conditional.olean -i /home/user/prove2me_workspace/.lake/build/lib/lean/Solutions/Sol_QuantumParallelRepetition_exactFairWinningOutcomeBornMass_eq_fiber_conditional.ilean -c /home/user/prove2me_workspace/.lake/build/ir/Solutions/Sol_QuantumParallelRepetition_exactFairWinningOutcomeBornMass_eq_fiber_conditional.c --setup /home/user/prove2me_workspace/.lake/build/ir/Solutions/Sol_QuantumParallelRepetition_exactFairWinningOutcomeBornMass_eq_fiber_conditional.setup.json --json
error: Solutions/Sol_QuantumParallelRepetition_exactFairWinningOutcomeBornMass_eq_fiber_conditional.lean:635:13: Unknown constant `QuantumParallelRepetition.Game.repeat_questionWeight`
error: Solutions/Sol_QuantumParallelRepetition_exactFairWinningOutcomeBornMass_eq_fiber_conditional.lean:635:2: `simp` made no progress
error: Solutions/Sol_QuantumParallelRepetition_exactFairWinningOutcomeBornMass_eq_fiber_conditional.lean:671:14: Unknown constant `QuantumParallelRepetition.Game.repeat_questionWeight`
error: Lean exited with code 1
✖ [8819/8825] Building Solutions.Sol_QuantumParallelRepetition_exactAliceSourceMarginalInformation_le (139s)
trace: .> LEAN_PATH=/home/user/prove2me_workspace/.lake/packages/Cli/.lake/build/lib/lean:/home/user/prove2me_workspace/.lake/packages/batteries/.lake/build/lib/lean:/home/user/prove2me_workspace/.lake/packages/Qq/.lake/build/lib/lean:/home/user/prove2me_workspace/.lake/packages/aesop/.lake/build/lib/lean:/home/user/prove2me_workspace/.lake/packages/proofwidgets/.lake/build/lib/lean:/home/user/prove2me_workspace/.lake/packages/importGraph/.lake/build/lib/lean:/home/user/prove2me_workspace/.lake/packages/LeanSearchClient/.lake/build/lib/lean:/home/user/prove2me_workspace/.lake/packages/plausible/.lake/build/lib/lean:/home/user/prove2me_workspace/.lake/packages/mathlib/.lake/build/lib/lean:/home/user/prove2me_workspace/.lake/build/lib/lean /root/.elan/toolchains/leanprover--lean4---v4.30.0/bin/lean /home/user/prove2me_workspace/Solutions/Sol_QuantumParallelRepetition_exactAliceSourceMarginalInformation_le.lean -o /home/user/prove2me_workspace/.lake/build/lib/lean/Solutions/Sol_QuantumParallelRepetition_exactAliceSourceMarginalInformation_le.olean -i /home/user/prove2me_workspace/.lake/build/lib/lean/Solutions/Sol_QuantumParallelRepetition_exactAliceSourceMarginalInformation_le.ilean -c /home/user/prove2me_workspace/.lake/build/ir/Solutions/Sol_QuantumParallelRepetition_exactAliceSourceMarginalInformation_le.c --setup /home/user/prove2me_workspace/.lake/build/ir/Solutions/Sol_QuantumParallelRepetition_exactAliceSourceMarginalInformation_le.setup.json --json
warning: Solutions/Sol_QuantumParallelRepetition_exactAliceSourceMarginalInformation_le.lean:525:0: automatically included section variable(s) unused in theorem `QuantumParallelRepetition.ClassicalInformation.finite_log_sum_inequality`:
  [Fintype ι]
  [DecidableEq ι]
consider restructuring your `variable` declarations so that the variables are not in scope or explicitly omit them:
  omit [Fintype ι] [DecidableEq ι] in theorem ...

Note: This linter can be disabled with `set_option linter.unusedSectionVars false`
error: Solutions/Sol_QuantumParallelRepetition_exactAliceSourceMarginalInformation_le.lean:1537:17: Unknown constant `QuantumParallelRepetition.Game.repeat_questionWeight`
error: Lean exited with code 1
✖ [8825/8838] Building Theorems.Thm_QuantumParallelRepetition_unconditionalSourcePhysicalSameGridWeightedStoppingLedger (6.3s)
trace: .> LEAN_PATH=/home/user/prove2me_workspace/.lake/packages/Cli/.lake/build/lib/lean:/home/user/prove2me_workspace/.lake/packages/batteries/.lake/build/lib/lean:/home/user/prove2me_workspace/.lake/packages/Qq/.lake/build/lib/lean:/home/user/prove2me_workspace/.lake/packages/aesop/.lake/build/lib/lean:/home/user/prove2me_workspace/.lake/packages/proofwidgets/.lake/build/lib/lean:/home/user/prove2me_workspace/.lake/packages/importGraph/.lake/build/lib/lean:/home/user/prove2me_workspace/.lake/packages/LeanSearchClient/.lake/build/lib/lean:/home/user/prove2me_workspace/.lake/packages/plausible/.lake/build/lib/lean:/home/user/prove2me_workspace/.lake/packages/mathlib/.lake/build/lib/lean:/home/user/prove2me_workspace/.lake/build/lib/lean /root/.elan/toolchains/leanprover--lean4---v4.30.0/bin/lean /home/user/prove2me_workspace/Theorems/Thm_QuantumParallelRepetition_unconditionalSourcePhysicalSameGridWeightedStoppingLedger.lean -o /home/user/prove2me_workspace/.lake/build/lib/lean/Theorems/Thm_QuantumParallelRepetition_unconditionalSourcePhysicalSameGridWeightedStoppingLedger.olean -i /home/user/prove2me_workspace/.lake/build/lib/lean/Theorems/Thm_QuantumParallelRepetition_unconditionalSourcePhysicalSameGridWeightedStoppingLedger.ilean -c /home/user/prove2me_workspace/.lake/build/ir/Theorems/Thm_QuantumParallelRepetition_unconditionalSourcePhysicalSameGridWeightedStoppingLedger.c --setup /home/user/prove2me_workspace/.lake/build/ir/Theorems/Thm_QuantumParallelRepetition_unconditionalSourcePhysicalSameGridWeightedStoppingLedger.setup.json --json
error: Theorems/Thm_QuantumParallelRepetition_unconditionalSourcePhysicalSameGridWeightedStoppingLedger.lean:480:0: unexpected end of input
error: Lean exited with code 1
✖ [8852/8864] Building Solutions.Sol_QuantumParallelRepetition_exactFairConditionedAnswerBornMass_eq_fiber_norm (11s)
trace: .> LEAN_PATH=/home/user/prove2me_workspace/.lake/packages/Cli/.lake/build/lib/lean:/home/user/prove2me_workspace/.lake/packages/batteries/.lake/build/lib/lean:/home/user/prove2me_workspace/.lake/packages/Qq/.lake/build/lib/lean:/home/user/prove2me_workspace/.lake/packages/aesop/.lake/build/lib/lean:/home/user/prove2me_workspace/.lake/packages/proofwidgets/.lake/build/lib/lean:/home/user/prove2me_workspace/.lake/packages/importGraph/.lake/build/lib/lean:/home/user/prove2me_workspace/.lake/packages/LeanSearchClient/.lake/build/lib/lean:/home/user/prove2me_workspace/.lake/packages/plausible/.lake/build/lib/lean:/home/user/prove2me_workspace/.lake/packages/mathlib/.lake/build/lib/lean:/home/user/prove2me_workspace/.lake/build/lib/lean /root/.elan/toolchains/leanprover--lean4---v4.30.0/bin/lean /home/user/prove2me_workspace/Solutions/Sol_QuantumParallelRepetition_exactFairConditionedAnswerBornMass_eq_fiber_norm.lean -o /home/user/prove2me_workspace/.lake/build/lib/lean/Solutions/Sol_QuantumParallelRepetition_exactFairConditionedAnswerBornMass_eq_fiber_norm.olean -i /home/user/prove2me_workspace/.lake/build/lib/lean/Solutions/Sol_QuantumParallelRepetition_exactFairConditionedAnswerBornMass_eq_fiber_norm.ilean -c /home/user/prove2me_workspace/.lake/build/ir/Solutions/Sol_QuantumParallelRepetition_exactFairConditionedAnswerBornMass_eq_fiber_norm.c --setup /home/user/prove2me_workspace/.lake/build/ir/Solutions/Sol_QuantumParallelRepetition_exactFairConditionedAnswerBornMass_eq_fiber_norm.setup.json --json
error: Solutions/Sol_QuantumParallelRepetition_exactFairConditionedAnswerBornMass_eq_fiber_norm.lean:1257:13: Unknown constant `QuantumParallelRepetition.Game.repeat_questionWeight`
error: Solutions/Sol_QuantumParallelRepetition_exactFairConditionedAnswerBornMass_eq_fiber_norm.lean:1257:2: `simp` made no progress
error: Solutions/Sol_QuantumParallelRepetition_exactFairConditionedAnswerBornMass_eq_fiber_norm.lean:1293:14: Unknown constant `QuantumParallelRepetition.Game.repeat_questionWeight`
error: Lean exited with code 1
✖ [8911/8924] Building Solutions.Sol_QuantumParallelRepetition_exactBobConditionalMatrix_eq_joint (6.2s)
trace: .> LEAN_PATH=/home/user/prove2me_workspace/.lake/packages/Cli/.lake/build/lib/lean:/home/user/prove2me_workspace/.lake/packages/batteries/.lake/build/lib/lean:/home/user/prove2me_workspace/.lake/packages/Qq/.lake/build/lib/lean:/home/user/prove2me_workspace/.lake/packages/aesop/.lake/build/lib/lean:/home/user/prove2me_workspace/.lake/packages/proofwidgets/.lake/build/lib/lean:/home/user/prove2me_workspace/.lake/packages/importGraph/.lake/build/lib/lean:/home/user/prove2me_workspace/.lake/packages/LeanSearchClient/.lake/build/lib/lean:/home/user/prove2me_workspace/.lake/packages/plausible/.lake/build/lib/lean:/home/user/prove2me_workspace/.lake/packages/mathlib/.lake/build/lib/lean:/home/user/prove2me_workspace/.lake/build/lib/lean /root/.elan/toolchains/leanprover--lean4---v4.30.0/bin/lean /home/user/prove2me_workspace/Solutions/Sol_QuantumParallelRepetition_exactBobConditionalMatrix_eq_joint.lean -o /home/user/prove2me_workspace/.lake/build/lib/lean/Solutions/Sol_QuantumParallelRepetition_exactBobConditionalMatrix_eq_joint.olean -i /home/user/prove2me_workspace/.lake/build/lib/lean/Solutions/Sol_QuantumParallelRepetition_exactBobConditionalMatrix_eq_joint.ilean -c /home/user/prove2me_workspace/.lake/build/ir/Solutions/Sol_QuantumParallelRepetition_exactBobConditionalMatrix_eq_joint.c --setup /home/user/prove2me_workspace/.lake/build/ir/Solutions/Sol_QuantumParallelRepetition_exactBobConditionalMatrix_eq_joint.setup.json --json
error: Solutions/Sol_QuantumParallelRepetition_exactBobConditionalMatrix_eq_joint.lean:690:13: Unknown constant `QuantumParallelRepetition.Game.repeat_questionWeight`
error: Solutions/Sol_QuantumParallelRepetition_exactBobConditionalMatrix_eq_joint.lean:690:2: `simp` made no progress
error: Solutions/Sol_QuantumParallelRepetition_exactBobConditionalMatrix_eq_joint.lean:726:14: Unknown constant `QuantumParallelRepetition.Game.repeat_questionWeight`
error: Lean exited with code 1
Some required targets logged failures:
- Solutions.Sol_QuantumParallelRepetition_exactFairBobMeanFilter_eq_jointPrefixOperatorFilter
- Solutions.Sol_QuantumParallelRepetition_exactAliceConditionalMatrix_eq_joint
- Solutions.Sol_QuantumParallelRepetition_exactBobSourceMarginalInformation_le
- Solutions.Sol_QuantumParallelRepetition_exactFairAliceMeanFilter_eq_jointPrefixOperatorFilter
- Theorems.Thm_QuantumParallelRepetition_unconditionalSourcePhysicalRounding_exists_fairStoppingHazard
- Solutions.Sol_QuantumParallelRepetition_exactFairWinningOutcomeBornMass_eq_fiber_conditional
- Solutions.Sol_QuantumParallelRepetition_exactAliceSourceMarginalInformation_le
- Theorems.Thm_QuantumParallelRepetition_unconditionalSourcePhysicalSameGridWeightedStoppingLedger
- Solutions.Sol_QuantumParallelRepetition_exactFairConditionedAnswerBornMass_eq_fiber_norm
- Solutions.Sol_QuantumParallelRepetition_exactBobConditionalMatrix_eq_joint
error: build failed
=== STAGE 3 done ===
Sun Aug  9 20:47:04 UTC 2026
