✔ [5900/5941] Built Solutions.Sol_QuantumParallelRepetition_exactReverseAliceMarkerDecode_rightInverse (3.2s)
✔ [8600/8608] Built Solutions.Sol_QuantumParallelRepetition_exactReverseAliceUniformMarkedSeed_sum (7.8s)
✔ [8625/8640] Built Solutions.Sol_QuantumParallelRepetition_exactSourceStateDistanceBound_of_fair_operator_entropy (15s)
✔ [8628/8641] Built Solutions.Sol_QuantumParallelRepetition_dSVDensityRationalHeterogeneousCommonStopSpectralAliceMass_eq_diagonalBorn (15s)
✔ [8633/8647] Built Solutions.Sol_QuantumParallelRepetition_dSVDensityRationalHeterogeneousActualPhysicalFlagBornState_allFlags (18s)
✔ [8635/8647] Built Solutions.Sol_QuantumParallelRepetition_exactReverseBobActualMarkedEntropy_eq_source (38s)
✔ [8637/8647] Built Solutions.Sol_QuantumParallelRepetition_unconditionalActualFairSourceOuterBorn_of_base (32s)
✔ [8638/8647] Built Solutions.Sol_QuantumParallelRepetition_UnconditionalActualFairSourceRoundingContext_answerNonempty (6.4s)
✔ [8642/8650] Built Solutions.Sol_QuantumParallelRepetition_Strategy_outcomeProbability_normalized (6.3s)
✔ [8644/8653] Built Solutions.Sol_QuantumParallelRepetition_unconditionalActualFairSourcePhysicalStopBornWitness (21s)
✔ [8653/8661] Built Solutions.Sol_QuantumParallelRepetition_exactReverseAliceMarkerCode_injective (8.6s)
✔ [8660/8670] Built Solutions.Sol_QuantumParallelRepetition_exactFairBobSeedScalarEntropy_le (25s)
✔ [8661/8670] Built Solutions.Sol_QuantumParallelRepetition_exactFairBobMeanFilter_eq_jointPrefixOperatorFilter (14s)
✔ [8669/8675] Built Solutions.Sol_QuantumParallelRepetition_exactFairGammaPsiDistance_mul_postselection_le (64s)
✔ [8688/8695] Built Solutions.Sol_QuantumParallelRepetition_exactReverseBobUniformMarkedSeed_sum (6.5s)
✔ [8689/8696] Built Solutions.Sol_QuantumParallelRepetition_exactSourceWinningEffect_quadratic_eq_conditional (12s)
✔ [8691/8702] Built Solutions.Sol_QuantumParallelRepetition_exactFairPsiPhiDistance_mul_postselection_le (56s)
✔ [8699/8714] Built Solutions.Sol_QuantumParallelRepetition_exactReverseBob_history_of_marked_context (32s)
✔ [8702/8714] Built Solutions.Sol_QuantumParallelRepetition_exact_source_equation_twenty_three_of_conditioned_reverse_prefix (55s)
✔ [8706/8714] Built Solutions.Sol_QuantumParallelRepetition_UnconditionalActualFairSourceRoundingContext_width_all (5.7s)
✔ [8707/8714] Built Solutions.Sol_QuantumParallelRepetition_exactFairAcceptedAliceEntropy_le_sourceRate (22s)
✔ [8708/8717] Built Solutions.Sol_QuantumParallelRepetition_unconditionalSelectedCopyIdealStage_norm_sq (15s)
✔ [8710/8718] Built Solutions.Sol_QuantumParallelRepetition_exactConditionedReverseBobNextJoint_marked_conditional_eq_fixedOutcome (22s)
✔ [8714/8724] Built Solutions.Sol_QuantumParallelRepetition_exactReverseBobConditionalHistoryIdentification_proved (9.9s)
✔ [8718/8727] Built Solutions.Sol_QuantumParallelRepetition_exactBobSourceConditionalInformation_eq_joint_atom_sum (6.0s)
✔ [8720/8727] Built Solutions.Sol_QuantumParallelRepetition_exactBobSourceMarginalInformation_le (109s)
✔ [8721/8728] Built Solutions.Sol_QuantumParallelRepetition_exactAliceSourceConditionalInformation_eq_joint_atom_sum (7.4s)
✔ [8723/8728] Built Solutions.Sol_QuantumParallelRepetition_exists_proofDSVDensityRationalPublicBucketPhysicalQuantitativeMixedPrefixCleanup_sq (10s)
✔ [8728/8738] Built Solutions.Sol_QuantumParallelRepetition_reweightedSeedPrefix_absolute_continuity (11s)
✔ [8730/8741] Built Solutions.Sol_QuantumParallelRepetition_Strategy_jointMeasurementOperator_positive (3.1s)
✔ [8734/8741] Built Solutions.Sol_QuantumParallelRepetition_unconditionalSourcePhysicalSameGridWeightedStoppingLedger (8.1s)
✔ [8738/8758] Built Solutions.Sol_QuantumParallelRepetition_unconditionalExactFairStoppedPhaseHarmonicClippedUnit_le (11s)
✔ [8746/8758] Built Solutions.Sol_QuantumParallelRepetition_unconditionalSourcePhysicalCleanedSelectedHistoryEquiv_hit (4.0s)
✔ [8751/8761] Built Solutions.Sol_QuantumParallelRepetition_exactReverseAliceFilterOperatorMarkerEntropy_sum_telescope (4.7s)
✔ [8753/8764] Built Solutions.Sol_QuantumParallelRepetition_unconditionalActualFairSourceRoundingContext_verifierLedger (21s)
✔ [8755/8764] Built Solutions.Sol_QuantumParallelRepetition_exactReverseBobMarkerDecode_rightInverse (3.7s)
✔ [8756/8765] Built Solutions.Sol_QuantumParallelRepetition_arbitrarily_large_purified_divisor_greedy_conditioning_with_rounding (14s)
✔ [8758/8770] Built Solutions.Sol_QuantumParallelRepetition_exactFairAliceMeanFilter_eq_jointPrefixOperatorFilter (9.4s)
✔ [8759/8777] Built Solutions.Sol_QuantumParallelRepetition_reweightedSeedPrefixPriorMarginal_ne_zero_of_positive_atom (11s)
✔ [8761/8777] Built Solutions.Sol_QuantumParallelRepetition_entangledValue_le_one (2.6s)
✔ [8765/8777] Built Solutions.Sol_QuantumParallelRepetition_Strategy_winProbability_nonneg (2.7s)
✔ [8772/8782] Built Solutions.Sol_QuantumParallelRepetition_exactReverseBobFilterOperatorMarkerEntropy_sum_telescope (3.9s)
✔ [8776/8783] Built Solutions.Sol_QuantumParallelRepetition_exactSourceNormalizedWinningEffect_eq_conditional (7.8s)
✔ [8778/8785] Built Solutions.Sol_QuantumParallelRepetition_exactSourceConditionalWinningProbability_eq_fine_born_ratio (9.1s)
✔ [8782/8795] Built Solutions.Sol_QuantumParallelRepetition_directDSVActualStoppingSelectedHistory_sourceProduct (4.1s)
✔ [8786/8800] Built Solutions.Sol_QuantumParallelRepetition_exact_standardQuantumParallelRepetition_of_source_rounding (6.0s)
✔ [8790/8801] Built Solutions.Sol_QuantumParallelRepetition_exists_proofUnconditionalStoppedCommonPrefixBalancedHazard (7.2s)
✔ [8792/8807] Built Solutions.Sol_QuantumParallelRepetition_exactConditionedReverseAliceNextPrior_marked_joint_factor (9.7s)
✔ [8794/8809] Built Solutions.Sol_QuantumParallelRepetition_unconditionalActualFairSourceRoundingData_exists_stoppedVerifier (283s)
✔ [8797/8814] Built Solutions.Sol_QuantumParallelRepetition_exactReverseBobMarkerCode_injective (6.1s)
✔ [8798/8814] Built Solutions.Sol_QuantumParallelRepetition_exactFairWinningOutcomeBornMass_eq_fiber_conditional (10s)
✔ [8802/8815] Built Solutions.Sol_QuantumParallelRepetition_exactSourceSharedFlagWeight_nonneg (3.0s)
✔ [8804/8818] Built Solutions.Sol_QuantumParallelRepetition_unconditionalActualFairSourceStoppingHazardData_of_positive (3.8s)
✔ [8805/8818] Built Solutions.Sol_QuantumParallelRepetition_unconditionalActualFairWeightedStoppedSuccess (9.8s)
✔ [8807/8818] Built Solutions.Sol_QuantumParallelRepetition_reweightedSeed_source_equation_twenty_six (12s)
✔ [8809/8820] Built Solutions.Sol_QuantumParallelRepetition_Strategy_jointMeasurementOperator_complete (2.8s)
✔ [8812/8821] Built Solutions.Sol_QuantumParallelRepetition_exactReverseBobHighQuestionPotential_eq_alignedPrefix (250s)
✔ [8815/8836] Built Solutions.Sol_QuantumParallelRepetition_actualStoppingQuestionLocalWinningProbability_ge_matched (10s)
✔ [8820/8836] Built Solutions.Sol_QuantumParallelRepetition_reweightedSeedPrefixEntropyIncrement_eq_actual_atom_sum (4.9s)
✔ [8822/8836] Built Solutions.Sol_QuantumParallelRepetition_UnconditionalActualFairSourceRoundingContext_fine_all (3.4s)
✔ [8823/8836] Built Solutions.Sol_QuantumParallelRepetition_exactAliceQuestionFilter_eq_fullJointPrefixOperatorFilter (5.9s)
✔ [8824/8836] Built Solutions.Sol_QuantumParallelRepetition_trace_mul_posSemidef_nonneg (4.7s)
✔ [8825/8837] Built Solutions.Sol_QuantumParallelRepetition_winProbabilities_bddAbove (3.4s)
✔ [8829/8838] Built Solutions.Sol_QuantumParallelRepetition_exact_source_equation_twenty_seven_support_preserving (6.3s)
✔ [8831/8842] Built Solutions.Sol_QuantumParallelRepetition_exactReverseBobLowQuestionPotential_eq_alignedPrefix (243s)
✔ [8838/8848] Built Solutions.Sol_QuantumParallelRepetition_unconditionalActualSourceSamplerBounds (10.0s)
✔ [8841/8848] Built Solutions.Sol_QuantumParallelRepetition_exactSourceGlobalCatalystWinningEffect_law_supported_verifier (45s)
✔ [8844/8850] Built Solutions.Sol_QuantumParallelRepetition_unconditionalActualFairSourceSamplerData_of_positive (4.3s)
✔ [8848/8858] Built Solutions.Sol_QuantumParallelRepetition_exactFairAcceptedBobEntropy_le_sourceRate (9.8s)
✔ [8850/8859] Built Solutions.Sol_QuantumParallelRepetition_exact_source_equation_twenty_seven_support_preserving_of_information (54s)
✔ [8852/8859] Built Solutions.Sol_QuantumParallelRepetition_pdf_distributionUniformExponential_of_uniform_source_rounding (13s)
✔ [8855/8873] Built Solutions.Sol_QuantumParallelRepetition_unconditionalActualC485CompleteDecodedPhysicalBorn (12s)
✔ [8863/8878] Built Solutions.Sol_QuantumParallelRepetition_unconditionalActualFixedSourceDecodedMatchedBranch (17s)
✔ [8865/8878] Built Solutions.Sol_QuantumParallelRepetition_exactAliceSourceMarginalInformation_le (111s)
✔ [8868/8879] Built Solutions.Sol_QuantumParallelRepetition_unconditionalSourcePhysicalRounding_exists_fairStoppingHazard (10s)
✔ [8871/8880] Built Solutions.Sol_QuantumParallelRepetition_exactReverseAliceHighQuestionPotential_eq_alignedPrefix (131s)
✔ [8875/8887] Built Solutions.Sol_QuantumParallelRepetition_exists_proofDSVDensityRationalHeterogeneousCommonStopSpectralGaugeContinuity_sq (12s)
✔ [8880/8890] Built Solutions.Sol_QuantumParallelRepetition_exactReverseAliceSideMarkedPosteriorConditional_eq_fixedSeedFiber (24s)
✔ [8882/8901] Built Solutions.Sol_QuantumParallelRepetition_unconditionalActualFairSourceBaseSupportedBorn (18s)
✔ [8883/8901] Built Solutions.Sol_QuantumParallelRepetition_exactLocallySampleableLaw_eq_fair_born (8.5s)
✔ [8889/8904] Built Solutions.Sol_QuantumParallelRepetition_unconditionalActualPhysicalMixedAcceptedSpectralGauge_stage (21s)
✔ [8890/8904] Built Solutions.Sol_QuantumParallelRepetition_entangledValue_nonneg (3.9s)
✔ [8895/8908] Built Solutions.Sol_QuantumParallelRepetition_Strategy_outcomeProbability_nonneg (5.7s)
✔ [8899/8911] Built Solutions.Sol_QuantumParallelRepetition_reweightedSeed_flagged_projection_relativeEntropy_le (9.8s)
✔ [8903/8911] Built Solutions.Sol_QuantumParallelRepetition_exactFairConditionedAnswerBornMass_eq_fiber_norm (11s)
✔ [8904/8913] Built Solutions.Sol_QuantumParallelRepetition_unconditionalSourcePhysicalCleanedStoppingFixedSource_norm (5.7s)
✔ [8907/8915] Built Solutions.Sol_QuantumParallelRepetition_reweightedSeedPrefixEntropyIncrement_eq_conditional (15s)
✔ [8910/8918] Built Solutions.Sol_QuantumParallelRepetition_exact_source_equation_twenty_seven_support_preserving_unconditional (28s)
✔ [8914/8924] Built Solutions.Sol_QuantumParallelRepetition_exists_proofDSVDensityRationalHeterogeneousStoppedCommonPrefixHazardBound (8.9s)
✔ [8916/8924] Built Solutions.Sol_QuantumParallelRepetition_UnconditionalActualFairSourceRoundingContext_width_positive (5.9s)
✔ [8917/8927] Built Solutions.Sol_QuantumParallelRepetition_distributionUniformExponential (17s)
✔ [8919/8929] Built Solutions.Sol_QuantumParallelRepetition_exactReverseAlice_history_of_marked_context (40s)
✔ [8922/8933] Built Solutions.Sol_QuantumParallelRepetition_Strategy_winProbability_le_one (6.9s)
✔ [8925/8933] Built Solutions.Sol_QuantumParallelRepetition_exactReverseAliceLowQuestionPotential_eq_alignedPrefix (39s)
✔ [8926/8933] Built Solutions.Sol_QuantumParallelRepetition_standardQuantumParallelRepetition (16s)
✔ [8929/8939] Built Solutions.Sol_QuantumParallelRepetition_exactLocallySampleableLaw_absolute_continuous_roundedJA (5.0s)
✔ [8932/8943] Built Solutions.Sol_QuantumParallelRepetition_unconditionalNormalizedCanonicalRetainedWork_norm_sq (12s)
✔ [8936/8944] Built Solutions.Sol_QuantumParallelRepetition_exists_proofDSVDensityRationalHeterogeneousStoppedCommonStopGaugeErrorBound (8.7s)
✔ [8938/8949] Built Solutions.Sol_QuantumParallelRepetition_unconditionalActualFairSourceRoundingContext_cleanBound (31s)
✔ [8942/8952] Built Solutions.Sol_QuantumParallelRepetition_exactSourceSharedFlagWeight_sum (4.6s)
✔ [8947/8954] Built Solutions.Sol_QuantumParallelRepetition_unconditionalActualC485NormalizedDiagonalWork_mass_sum_le_one (6.6s)
✔ [8949/8961] Built Solutions.Sol_QuantumParallelRepetition_exactReverseBobFilterOperatorMarkerEntropy_sum_le_scalarEntropy (19s)
✔ [8953/8964] Built Solutions.Sol_QuantumParallelRepetition_exactSourceAliceSampleTuple_expectation (7.2s)
✔ [8956/8964] Built Solutions.Sol_QuantumParallelRepetition_exactConditionedReverseBobNextPrior_marked_joint_factor (14s)
✔ [8957/8965] Built Solutions.Sol_QuantumParallelRepetition_exactFairAliceMeanBornMass_eq_fullOutcome_sum (16s)
✔ [8961/8974] Built Solutions.Sol_QuantumParallelRepetition_exactSourceConditionalWinningProbability_eq_normalized_verifier (12s)
✔ [8968/8975] Built Solutions.Sol_QuantumParallelRepetition_exactFairBobMeanBornMass_eq_fullOutcome_sum (15s)
✔ [8970/8981] Built Solutions.Sol_QuantumParallelRepetition_exists_proofDSVDensityRationalPublicBucketPhysicalMixedPrefixCleanup_sq (9.8s)
✔ [8975/8981] Built Solutions.Sol_QuantumParallelRepetition_unconditionalActualFairSourceRoundingContext_analyticLedger (37s)
✔ [8976/9008] Built Solutions.Sol_QuantumParallelRepetition_exactFairAliceSeedScalarEntropy_le (25s)
✔ [8977/9163] Built Checks.Chk_QuantumParallelRepetition_unconditionalActualFairSourceOuterBorn_of_base (3.0s)
✔ [8981/9163] Built Solutions.Sol_QuantumParallelRepetition_exactReverseAliceMarkedContextInformation_eq_source (36s)
✔ [8984/9163] Built Checks.Chk_QuantumParallelRepetition_UnconditionalActualFairSourceRoundingContext_fine_all (3.6s)
✔ [8985/9163] Built Checks.Chk_QuantumParallelRepetition_unconditionalActualSourceSamplerBounds (3.5s)
✔ [8986/9163] Built Checks.Chk_QuantumParallelRepetition_directDSVActualStoppingSelectedHistory_sourceProduct (6.3s)
✔ [8987/9163] Built Checks.Chk_QuantumParallelRepetition_unconditionalSourcePhysicalSameGridWeightedStoppingLedger (5.5s)
✔ [8991/9163] Built Checks.Chk_QuantumParallelRepetition_pdf_distributionUniformExponential_of_uniform_source_rounding (4.1s)
✔ [8992/9163] Built Checks.Chk_QuantumParallelRepetition_exactReverseBob_history_of_marked_context (4.0s)
✔ [8995/9163] Built Checks.Chk_QuantumParallelRepetition_exactSourceAliceSampleTuple_expectation (2.7s)
✔ [8996/9163] Built Checks.Chk_QuantumParallelRepetition_exactFairBobMeanBornMass_eq_fullOutcome_sum (2.7s)
✔ [9003/9163] Built Checks.Chk_QuantumParallelRepetition_exists_proofDSVDensityRationalPublicBucketPhysicalQuantitativeMixedPrefixCleanup_sq (2.6s)
✔ [9005/9163] Built Checks.Chk_QuantumParallelRepetition_exactReverseAliceMarkerDecode_rightInverse (2.6s)
✔ [9009/9163] Built Checks.Chk_QuantumParallelRepetition_unconditionalActualFairSourceStoppingHazardData_of_positive (2.7s)
✔ [9010/9163] Built Checks.Chk_QuantumParallelRepetition_unconditionalActualC485CompleteDecodedPhysicalBorn (2.9s)
✔ [9011/9163] Built Checks.Chk_QuantumParallelRepetition_exact_source_equation_twenty_three_of_conditioned_reverse_prefix (2.5s)
✔ [9013/9167] Built Checks.Chk_QuantumParallelRepetition_exactFairAliceSeedScalarEntropy_le (2.5s)
✔ [9015/9167] Built Checks.Chk_QuantumParallelRepetition_UnconditionalActualFairSourceRoundingContext_width_all (2.7s)
✔ [9016/9167] Built Checks.Chk_QuantumParallelRepetition_distributionUniformExponential (2.6s)
✔ [9017/9167] Built Checks.Chk_QuantumParallelRepetition_reweightedSeedPrefixEntropyIncrement_eq_actual_atom_sum (2.8s)
✔ [9018/9167] Built Checks.Chk_QuantumParallelRepetition_unconditionalSourcePhysicalCleanedStoppingFixedSource_norm (2.9s)
✔ [9021/9167] Built Checks.Chk_QuantumParallelRepetition_reweightedSeed_source_equation_twenty_six (2.7s)
✔ [9024/9167] Built Checks.Chk_QuantumParallelRepetition_exactReverseBobLowQuestionPotential_eq_alignedPrefix (2.7s)
✔ [9025/9167] Built Checks.Chk_QuantumParallelRepetition_exactReverseAliceFilterOperatorMarkerEntropy_sum_telescope (2.7s)
✔ [9026/9167] Built Checks.Chk_QuantumParallelRepetition_exactFairAcceptedBobEntropy_le_sourceRate (2.5s)
✔ [9027/9167] Built Checks.Chk_QuantumParallelRepetition_unconditionalActualFairSourceRoundingData_exists_stoppedVerifier (2.6s)
✔ [9028/9167] Built Checks.Chk_QuantumParallelRepetition_unconditionalActualFairWeightedStoppedSuccess (2.6s)
✔ [9029/9167] Built Checks.Chk_QuantumParallelRepetition_exactReverseBobFilterOperatorMarkerEntropy_sum_le_scalarEntropy (2.6s)
✔ [9030/9167] Built Checks.Chk_QuantumParallelRepetition_exactAliceSourceConditionalInformation_eq_joint_atom_sum (2.6s)
✔ [9031/9167] Built Checks.Chk_QuantumParallelRepetition_exact_source_equation_twenty_seven_support_preserving_of_information (2.5s)
✔ [9032/9167] Built Checks.Chk_QuantumParallelRepetition_unconditionalNormalizedCanonicalRetainedWork_norm_sq (2.7s)
✔ [9033/9167] Built Checks.Chk_QuantumParallelRepetition_exactReverseBobMarkerDecode_rightInverse (2.6s)
✔ [9034/9167] Built Checks.Chk_QuantumParallelRepetition_exactReverseBobHighQuestionPotential_eq_alignedPrefix (2.7s)
✔ [9036/9167] Built Checks.Chk_QuantumParallelRepetition_unconditionalActualFairSourceBaseSupportedBorn (2.7s)
✔ [9038/9167] Built Checks.Chk_QuantumParallelRepetition_exact_standardQuantumParallelRepetition_of_source_rounding (2.6s)
✔ [9041/9167] Built Checks.Chk_QuantumParallelRepetition_exactFairAliceMeanBornMass_eq_fullOutcome_sum (2.6s)
✔ [9048/9167] Built Checks.Chk_QuantumParallelRepetition_unconditionalActualC485NormalizedDiagonalWork_mass_sum_le_one (2.6s)
✔ [9052/9167] Built Checks.Chk_QuantumParallelRepetition_UnconditionalActualFairSourceRoundingContext_width_positive (2.5s)
✔ [9055/9167] Built Checks.Chk_QuantumParallelRepetition_exactReverseBobMarkerCode_injective (2.5s)
✔ [9056/9167] Built Checks.Chk_QuantumParallelRepetition_reweightedSeedPrefixEntropyIncrement_eq_conditional (2.5s)
✔ [9058/9167] Built Checks.Chk_QuantumParallelRepetition_exists_proofDSVDensityRationalHeterogeneousStoppedCommonStopGaugeErrorBound (2.6s)
✔ [9060/9167] Built Checks.Chk_QuantumParallelRepetition_unconditionalExactFairStoppedPhaseHarmonicClippedUnit_le (2.6s)
✔ [9061/9167] Built Checks.Chk_QuantumParallelRepetition_exactReverseAliceMarkerCode_injective (2.6s)
✔ [9062/9167] Built Checks.Chk_QuantumParallelRepetition_exactReverseAliceHighQuestionPotential_eq_alignedPrefix (2.6s)
✔ [9066/9167] Built Checks.Chk_QuantumParallelRepetition_Strategy_outcomeProbability_normalized (2.6s)
✔ [9069/9167] Built Checks.Chk_QuantumParallelRepetition_exactReverseAliceUniformMarkedSeed_sum (2.7s)
✔ [9070/9167] Built Checks.Chk_QuantumParallelRepetition_unconditionalSourcePhysicalRounding_exists_fairStoppingHazard (2.7s)
✔ [9071/9167] Built Solutions.Sol_QuantumParallelRepetition_exactFairAcceptedJointStatistic_reindex (104s)
✔ [9074/9167] Built Checks.Chk_QuantumParallelRepetition_exactBobSourceMarginalInformation_le (2.9s)
✔ [9075/9167] Built Checks.Chk_QuantumParallelRepetition_exactFairAliceMeanFilter_eq_jointPrefixOperatorFilter (3.0s)
✔ [9077/9167] Built Checks.Chk_QuantumParallelRepetition_exactSourceStateDistanceBound_of_fair_operator_entropy (2.8s)
✔ [9078/9167] Built Checks.Chk_QuantumParallelRepetition_Strategy_jointMeasurementOperator_positive (2.6s)
✔ [9082/9167] Built Checks.Chk_QuantumParallelRepetition_exactReverseBobConditionalHistoryIdentification_proved (2.8s)
✖ [9085/9167] Building Checks.Chk_QuantumParallelRepetition_trace_mul_posSemidef_nonneg (2.7s)
trace: .> LEAN_PATH=/home/user/prove2me_workspace/.lake/packages/Cli/.lake/build/lib/lean:/home/user/prove2me_workspace/.lake/packages/batteries/.lake/build/lib/lean:/home/user/prove2me_workspace/.lake/packages/Qq/.lake/build/lib/lean:/home/user/prove2me_workspace/.lake/packages/aesop/.lake/build/lib/lean:/home/user/prove2me_workspace/.lake/packages/proofwidgets/.lake/build/lib/lean:/home/user/prove2me_workspace/.lake/packages/importGraph/.lake/build/lib/lean:/home/user/prove2me_workspace/.lake/packages/LeanSearchClient/.lake/build/lib/lean:/home/user/prove2me_workspace/.lake/packages/plausible/.lake/build/lib/lean:/home/user/prove2me_workspace/.lake/packages/mathlib/.lake/build/lib/lean:/home/user/prove2me_workspace/.lake/build/lib/lean /root/.elan/toolchains/leanprover--lean4---v4.30.0/bin/lean /home/user/prove2me_workspace/Checks/Chk_QuantumParallelRepetition_trace_mul_posSemidef_nonneg.lean -o /home/user/prove2me_workspace/.lake/build/lib/lean/Checks/Chk_QuantumParallelRepetition_trace_mul_posSemidef_nonneg.olean -i /home/user/prove2me_workspace/.lake/build/lib/lean/Checks/Chk_QuantumParallelRepetition_trace_mul_posSemidef_nonneg.ilean -c /home/user/prove2me_workspace/.lake/build/ir/Checks/Chk_QuantumParallelRepetition_trace_mul_posSemidef_nonneg.c --setup /home/user/prove2me_workspace/.lake/build/ir/Checks/Chk_QuantumParallelRepetition_trace_mul_posSemidef_nonneg.setup.json --json
error: Checks/Chk_QuantumParallelRepetition_trace_mul_posSemidef_nonneg.lean:5:0: type mismatch for QuantumParallelRepetition.trace_mul_posSemidef_nonneg (defeq: false)
statement: ∀ {d : Type u_1} [inst : Fintype d] [DecidableEq d] {R E : Matrix d d ℂ},
  R.PosSemidef → E.PosSemidef → 0 ≤ (R * E).trace.re
solution:  ∀ {d : Type u_5} [inst : Fintype d] [DecidableEq d] {R E : Matrix d d ℂ},
  R.PosSemidef → E.PosSemidef → 0 ≤ (R * E).trace.re
error: Lean exited with code 1
✔ [9088/9167] Built Checks.Chk_QuantumParallelRepetition_reweightedSeedPrefixPriorMarginal_ne_zero_of_positive_atom (2.7s)
✔ [9092/9167] Built Checks.Chk_QuantumParallelRepetition_exactSourceNormalizedWinningEffect_eq_conditional (2.7s)
✔ [9095/9167] Built Checks.Chk_QuantumParallelRepetition_exactSourceSharedFlagWeight_nonneg (2.8s)
✔ [9096/9167] Built Checks.Chk_QuantumParallelRepetition_exactConditionedReverseBobNextJoint_marked_conditional_eq_fixedOutcome (2.7s)
✔ [9098/9167] Built Checks.Chk_QuantumParallelRepetition_unconditionalActualFairSourceSamplerData_of_positive (2.8s)
✔ [9100/9167] Built Solutions.Sol_QuantumParallelRepetition_unconditionalFairPhysicalFlaggedStoppingTransfer (107s)
✔ [9102/9167] Built Checks.Chk_QuantumParallelRepetition_actualStoppingQuestionLocalWinningProbability_ge_matched (2.6s)
✔ [9103/9167] Built Checks.Chk_QuantumParallelRepetition_exactReverseBobUniformMarkedSeed_sum (2.7s)
✔ [9104/9167] Built Checks.Chk_QuantumParallelRepetition_Strategy_outcomeProbability_nonneg (2.7s)
✔ [9105/9167] Built Checks.Chk_QuantumParallelRepetition_exactFairGammaPsiDistance_mul_postselection_le (3.1s)
✔ [9106/9167] Built Checks.Chk_QuantumParallelRepetition_exactAliceSourceMarginalInformation_le (2.0s)
✔ [9107/9167] Built Checks.Chk_QuantumParallelRepetition_reweightedSeed_flagged_projection_relativeEntropy_le (2.7s)
✔ [9110/9167] Built Checks.Chk_QuantumParallelRepetition_exactFairPsiPhiDistance_mul_postselection_le (2.7s)
✔ [9111/9167] Built Checks.Chk_QuantumParallelRepetition_exactSourceConditionalWinningProbability_eq_normalized_verifier (2.8s)
✔ [9112/9167] Built Checks.Chk_QuantumParallelRepetition_exactFairAcceptedAliceEntropy_le_sourceRate (2.8s)
✔ [9118/9167] Built Checks.Chk_QuantumParallelRepetition_exactFairBobMeanFilter_eq_jointPrefixOperatorFilter (2.9s)
✔ [9120/9167] Built Checks.Chk_QuantumParallelRepetition_exactSourceGlobalCatalystWinningEffect_law_supported_verifier (2.7s)
✔ [9124/9167] Built Checks.Chk_QuantumParallelRepetition_exactReverseBobFilterOperatorMarkerEntropy_sum_telescope (2.8s)
✔ [9125/9167] Built Checks.Chk_QuantumParallelRepetition_exactReverseAlice_history_of_marked_context (2.6s)
✔ [9126/9167] Built Checks.Chk_QuantumParallelRepetition_reweightedSeedPrefix_absolute_continuity (2.7s)
✔ [9128/9167] Built Checks.Chk_QuantumParallelRepetition_dSVDensityRationalHeterogeneousActualPhysicalFlagBornState_allFlags (2.6s)
✔ [9129/9167] Built Checks.Chk_QuantumParallelRepetition_unconditionalActualPhysicalMixedAcceptedSpectralGauge_stage (2.7s)
✔ [9130/9167] Built Checks.Chk_QuantumParallelRepetition_unconditionalActualFairSourceRoundingContext_verifierLedger (2.7s)
✔ [9131/9167] Built Checks.Chk_QuantumParallelRepetition_winProbabilities_bddAbove (2.7s)
✔ [9132/9167] Built Checks.Chk_QuantumParallelRepetition_exactLocallySampleableLaw_absolute_continuous_roundedJA (2.6s)
✔ [9133/9167] Built Checks.Chk_QuantumParallelRepetition_exists_proofDSVDensityRationalPublicBucketPhysicalMixedPrefixCleanup_sq (2.6s)
✔ [9134/9167] Built Checks.Chk_QuantumParallelRepetition_exactReverseAliceSideMarkedPosteriorConditional_eq_fixedSeedFiber (2.6s)
✔ [9136/9167] Built Checks.Chk_QuantumParallelRepetition_exactConditionedReverseBobNextPrior_marked_joint_factor (2.7s)
✔ [9137/9167] Built Checks.Chk_QuantumParallelRepetition_unconditionalActualFairSourceRoundingContext_cleanBound (2.6s)
✔ [9140/9167] Built Checks.Chk_QuantumParallelRepetition_exactFairWinningOutcomeBornMass_eq_fiber_conditional (2.5s)
✔ [9141/9167] Built Checks.Chk_QuantumParallelRepetition_exactSourceWinningEffect_quadratic_eq_conditional (2.5s)
✔ [9144/9167] Built Checks.Chk_QuantumParallelRepetition_Strategy_winProbability_le_one (2.5s)
✔ [9148/9167] Built Checks.Chk_QuantumParallelRepetition_dSVDensityRationalHeterogeneousCommonStopSpectralAliceMass_eq_diagonalBorn (2.5s)
✔ [9150/9167] Built Checks.Chk_QuantumParallelRepetition_exactSourceConditionalWinningProbability_eq_fine_born_ratio (2.5s)
✔ [9151/9167] Built Checks.Chk_QuantumParallelRepetition_exactLocallySampleableLaw_eq_fair_born (2.5s)
✔ [9152/9167] Built Checks.Chk_QuantumParallelRepetition_exactAliceQuestionFilter_eq_fullJointPrefixOperatorFilter (2.6s)
✔ [9153/9167] Built Checks.Chk_QuantumParallelRepetition_unconditionalSelectedCopyIdealStage_norm_sq (2.6s)
✔ [9155/9209] Built Checks.Chk_QuantumParallelRepetition_exists_proofUnconditionalStoppedCommonPrefixBalancedHazard (2.6s)
✔ [9156/9209] Built Checks.Chk_QuantumParallelRepetition_exactFairConditionedAnswerBornMass_eq_fiber_norm (2.6s)
✔ [9157/9209] Built Checks.Chk_QuantumParallelRepetition_exists_proofDSVDensityRationalHeterogeneousCommonStopSpectralGaugeContinuity_sq (2.7s)
✔ [9160/9209] Built Checks.Chk_QuantumParallelRepetition_exactReverseAliceLowQuestionPotential_eq_alignedPrefix (2.9s)
✔ [9162/9209] Built Checks.Chk_QuantumParallelRepetition_exactReverseAliceMarkedContextInformation_eq_source (2.0s)
✔ [9163/9209] Built Checks.Chk_QuantumParallelRepetition_exactBobSourceConditionalInformation_eq_joint_atom_sum (2.9s)
✔ [9166/9209] Built Checks.Chk_QuantumParallelRepetition_exactFairBobSeedScalarEntropy_le (2.7s)
✔ [9167/9209] Built Checks.Chk_QuantumParallelRepetition_exactFairAcceptedJointStatistic_reindex (2.7s)
✔ [9169/9209] Built Checks.Chk_QuantumParallelRepetition_unconditionalFairPhysicalFlaggedStoppingTransfer (2.7s)
✔ [9170/9209] Built Checks.Chk_QuantumParallelRepetition_entangledValue_le_one (2.7s)
✔ [9171/9209] Built Checks.Chk_QuantumParallelRepetition_Strategy_jointMeasurementOperator_complete (2.7s)
✔ [9174/9209] Built Checks.Chk_QuantumParallelRepetition_exact_source_equation_twenty_seven_support_preserving_unconditional (2.8s)
✔ [9177/9209] Built Checks.Chk_QuantumParallelRepetition_exists_proofDSVDensityRationalHeterogeneousStoppedCommonPrefixHazardBound (2.7s)
✔ [9178/9209] Built Checks.Chk_QuantumParallelRepetition_Strategy_winProbability_nonneg (2.7s)
✔ [9183/9209] Built Checks.Chk_QuantumParallelRepetition_unconditionalActualFairSourcePhysicalStopBornWitness (2.7s)
✔ [9185/9209] Built Checks.Chk_QuantumParallelRepetition_exactSourceSharedFlagWeight_sum (2.8s)
✔ [9190/9209] Built Checks.Chk_QuantumParallelRepetition_entangledValue_nonneg (2.7s)
✔ [9191/9209] Built Checks.Chk_QuantumParallelRepetition_unconditionalActualFairSourceRoundingContext_analyticLedger (2.7s)
✔ [9195/9209] Built Checks.Chk_QuantumParallelRepetition_unconditionalSourcePhysicalCleanedSelectedHistoryEquiv_hit (2.7s)
✔ [9198/9209] Built Checks.Chk_QuantumParallelRepetition_exact_source_equation_twenty_seven_support_preserving (2.7s)
✔ [9199/9209] Built Checks.Chk_QuantumParallelRepetition_UnconditionalActualFairSourceRoundingContext_answerNonempty (2.6s)
✔ [9201/9209] Built Checks.Chk_QuantumParallelRepetition_exactConditionedReverseAliceNextPrior_marked_joint_factor (2.7s)
✔ [9205/9209] Built Checks.Chk_QuantumParallelRepetition_unconditionalActualFixedSourceDecodedMatchedBranch (2.7s)
✔ [9206/9209] Built Checks.Chk_QuantumParallelRepetition_exactReverseBobActualMarkedEntropy_eq_source (2.6s)
✔ [9207/9209] Built Checks.Chk_QuantumParallelRepetition_standardQuantumParallelRepetition (2.6s)
✔ [9208/9209] Built Checks.Chk_QuantumParallelRepetition_arbitrarily_large_purified_divisor_greedy_conditioning_with_rounding (2.7s)
Some required targets logged failures:
- Checks.Chk_QuantumParallelRepetition_trace_mul_posSemidef_nonneg
error: build failed
