✔ [3600/3749] Built Theorems.Thm_QuantumParallelRepetition_exactReverseBobUniformMarkedSeed_sum (167s)
✔ [3601/3749] Built Theorems.Thm_QuantumParallelRepetition_exists_proofDSVDensityRationalPublicBucketPhysicalMixedPrefixCleanup_sq (167s)
✔ [3602/3749] Built Theorems.Thm_QuantumParallelRepetition_unconditionalActualFairSourceRoundingContext_analyticLedger (167s)
✔ [3604/3749] Built Theorems.Thm_QuantumParallelRepetition_unconditionalFairPhysicalFlaggedStoppingTransfer (167s)
✔ [3606/3749] Built Theorems.Thm_QuantumParallelRepetition_exactFairConditionedAnswerBornMass_eq_fiber_norm (3.9s)
✔ [3607/3749] Built Theorems.Thm_QuantumParallelRepetition_exactReverseBobHighQuestionPotential_eq_alignedPrefix (3.8s)
✔ [3608/3749] Built Theorems.Thm_QuantumParallelRepetition_exactFairBobMeanBornMass_eq_fullOutcome_sum (3.9s)
✔ [3612/3749] Built Theorems.Thm_QuantumParallelRepetition_reweightedSeedPrefixPriorMarginal_ne_zero_of_positive_atom (3.9s)
✔ [3613/3749] Built Theorems.Thm_QuantumParallelRepetition_exactReverseAliceContext_prefix_before_marked (2.9s)
✔ [3614/3749] Built Theorems.Thm_QuantumParallelRepetition_unconditionalSourcePhysicalRounding_exists_fairStoppingHazard (3.4s)
✔ [3615/3749] Built Theorems.Thm_QuantumParallelRepetition_exactSourceNormalizedWinningEffect_eq_conditional (3.3s)
✔ [3618/3749] Built Theorems.Thm_QuantumParallelRepetition_exactConditionedReverseBobNextJoint_marked_conditional_eq_fixedOutcome (3.4s)
✔ [3619/3749] Built Theorems.Thm_QuantumParallelRepetition_reweightedSeed_source_equation_twenty_six (2.0s)
✔ [3620/3749] Built Theorems.Thm_QuantumParallelRepetition_exactFairBobMeanFilter_eq_jointPrefixOperatorFilter (2.8s)
✔ [3623/3749] Built Theorems.Thm_QuantumParallelRepetition_dSVDensityRationalHeterogeneousActualPhysicalFlagBornState_allFlags (2.8s)
✔ [3625/3749] Built Theorems.Thm_QuantumParallelRepetition_exactFairAliceMeanFilter_eq_jointPrefixOperatorFilter (2.8s)
✔ [3626/3749] Built Theorems.Thm_QuantumParallelRepetition_unconditionalActualC485NormalizedDiagonalWork_mass_sum_le_one (2.7s)
✔ [3627/3749] Built Theorems.Thm_QuantumParallelRepetition_directDSVActualStoppingSelectedHistory_sourceProduct (2.8s)
✔ [3628/3749] Built Theorems.Thm_QuantumParallelRepetition_unconditionalActualFixedSourceDecodedMatchedBranch (3.1s)
✔ [3630/3749] Built Theorems.Thm_QuantumParallelRepetition_unconditionalActualFairWeightedStoppedSuccess (2.8s)
✔ [3631/3749] Built Theorems.Thm_QuantumParallelRepetition_unconditionalActualFairSourceRoundingData_exists_stoppedVerifier (2.6s)
✔ [3632/3749] Built Theorems.Thm_QuantumParallelRepetition_exactSourceConditionalWinningProbability_eq_normalized_verifier (2.9s)
✔ [3633/3749] Built Theorems.Thm_QuantumParallelRepetition_unconditionalExactFairStoppedPhaseHarmonicClippedUnit_le (3.2s)
✔ [3634/3749] Built Theorems.Thm_QuantumParallelRepetition_exactAliceSourceConditionalInformation_eq_joint_atom_sum (2.9s)
✔ [3636/3749] Built Theorems.Thm_QuantumParallelRepetition_exactFairAcceptedBobEntropy_le_sourceRate (2.8s)
✔ [3638/3749] Built Theorems.Thm_QuantumParallelRepetition_unconditionalActualCanonicalFullSource_eq_rawSelectedStage (3.0s)
✔ [3640/3749] Built Theorems.Thm_QuantumParallelRepetition_exists_proofDSVDensityRationalHeterogeneousCommonStopSpectralGaugeContinuity_sq (2.0s)
✔ [3642/3749] Built Theorems.Thm_QuantumParallelRepetition_actualStoppingQuestionLocalWinningProbability_ge_matched (2.9s)
✔ [3645/3749] Built Theorems.Thm_QuantumParallelRepetition_exactReverseBobLowQuestionPotential_eq_alignedPrefix (2.7s)
✔ [3646/3749] Built Theorems.Thm_QuantumParallelRepetition_exactSourceWinningEffect_quadratic_eq_conditional (2.9s)
✔ [3647/3749] Built Theorems.Thm_QuantumParallelRepetition_exactBobQuestionFilter_eq_jointPrefixOperatorFilter (2.7s)
✔ [3648/3749] Built Theorems.Thm_QuantumParallelRepetition_exactFixedAliceQuestionMass_eq_product (2.6s)
✔ [3649/3749] Built Theorems.Thm_QuantumParallelRepetition_unconditionalActualSourceSamplerBounds (2.9s)
✔ [3652/3749] Built Theorems.Thm_QuantumParallelRepetition_exactReverseAliceSideMarkedPosteriorConditional_eq_fixedSeedFiber (2.9s)
✔ [3653/3749] Built Theorems.Thm_QuantumParallelRepetition_exactReverseBobConditionalHistoryIdentification_proved (2.7s)
✔ [3655/3749] Built Theorems.Thm_QuantumParallelRepetition_exact_source_equation_twenty_three_of_conditioned_reverse_prefix (3.1s)
✔ [3656/3749] Built Theorems.Thm_QuantumParallelRepetition_reweightedSeedPrefix_absolute_continuity (2.9s)
✔ [3657/3749] Built Theorems.Thm_QuantumParallelRepetition_exactFairGammaPsiDistance_mul_postselection_le (2.9s)
✔ [3658/3749] Built Theorems.Thm_QuantumParallelRepetition_unconditionalActualFairSourcePhysicalStopBornWitness (2.9s)
✔ [3660/3749] Built Theorems.Thm_QuantumParallelRepetition_exactFairWinningOutcomeBornMass_eq_fiber_conditional (3.1s)
✔ [3661/3749] Built Theorems.Thm_QuantumParallelRepetition_exactInsertedPrefixBefore_marker_eq (2.8s)
✔ [3662/3749] Built Theorems.Thm_QuantumParallelRepetition_exactConditionedReverseBobNextPrior_marked_joint_factor (2.9s)
✔ [3664/3749] Built Theorems.Thm_QuantumParallelRepetition_unconditionalNormalizedCanonicalRetainedWork_norm_sq (2.9s)
✔ [3666/3749] Built Theorems.Thm_QuantumParallelRepetition_unconditionalActualFairSourceRoundingContext_verifierLedger (2.9s)
✔ [3667/3749] Built Theorems.Thm_QuantumParallelRepetition_arbitrarily_large_purified_divisor_greedy_conditioning_with_rounding (2.9s)
✔ [3669/3749] Built Theorems.Thm_QuantumParallelRepetition_exactReverseAliceMarkedContextInformation_eq_source (2.8s)
✔ [3670/3749] Built Theorems.Thm_QuantumParallelRepetition_pdf_distributionUniformExponential_of_uniform_source_rounding (3.5s)
✔ [3671/3749] Built Theorems.Thm_QuantumParallelRepetition_exactReverseBob_history_of_marked_context (2.9s)
✔ [3672/3749] Built Theorems.Thm_QuantumParallelRepetition_exactAliceQuestionMass_eq_jointPrefixQuestionMass (2.0s)
✔ [3673/3749] Built Theorems.Thm_QuantumParallelRepetition_exactFairBobSeedScalarEntropy_le (2.9s)
✔ [3674/3749] Built Theorems.Thm_QuantumParallelRepetition_unconditionalActualFairCleanedRow_le_one (2.9s)
✔ [3675/3749] Built Theorems.Thm_QuantumParallelRepetition_unconditionalActualC485CompleteDecodedPhysicalBorn (3.4s)
✔ [3676/3749] Built Theorems.Thm_QuantumParallelRepetition_exactReverseAliceUniformMarkedSeed_sum (2.8s)
✔ [3677/3749] Built Theorems.Thm_QuantumParallelRepetition_exactFairAliceMeanBornMass_eq_fullOutcome_sum (2.0s)
✔ [3678/3749] Built Theorems.Thm_QuantumParallelRepetition_exactAliceSourceMarginalInformation_le (2.8s)
✔ [3679/3749] Built Theorems.Thm_QuantumParallelRepetition_unconditionalActualFairSourceBaseSupportedBorn (3.2s)
✔ [3680/3749] Built Theorems.Thm_QuantumParallelRepetition_exactFairAliceSeedScalarEntropy_le (2.8s)
✔ [3681/3749] Built Theorems.Thm_QuantumParallelRepetition_exactReverseBobActualMarkedEntropy_eq_source (2.9s)
✔ [3682/3749] Built Theorems.Thm_QuantumParallelRepetition_exists_proofUnconditionalStoppedCommonPrefixBalancedHazard (2.8s)
✔ [3685/3749] Built Theorems.Thm_QuantumParallelRepetition_unconditionalActualFairSourceOuterBorn_of_base (4.3s)
✔ [3686/3749] Built Theorems.Thm_QuantumParallelRepetition_exactSourceStateDistanceBound_of_fair_operator_entropy (2.9s)
✔ [3688/3749] Built Theorems.Thm_QuantumParallelRepetition_reweightedSeedPrefixEntropyIncrement_eq_actual_atom_sum (2.0s)
✔ [3690/3749] Built Theorems.Thm_QuantumParallelRepetition_exactSourceAliceSampleTuple_expectation (2.9s)
✔ [3691/3749] Built Theorems.Thm_QuantumParallelRepetition_exactLocallySampleableLaw_eq_fair_born (2.8s)
✔ [3692/3749] Built Theorems.Thm_QuantumParallelRepetition_exactSourceGlobalCatalystWinningEffect_law_supported_verifier (5.1s)
✔ [3693/3749] Built Theorems.Thm_QuantumParallelRepetition_exactConditionedReverseAliceNextPrior_marked_joint_factor (2.9s)
✔ [3695/3749] Built Theorems.Thm_QuantumParallelRepetition_exactSourceConditionalWinningProbability_eq_fine_born_ratio (2.8s)
✔ [3696/3749] Built Theorems.Thm_QuantumParallelRepetition_exactAliceQuestionFilter_eq_fullJointPrefixOperatorFilter (2.8s)
✔ [3702/3749] Built Theorems.Thm_QuantumParallelRepetition_exactBobQuestionMass_eq_jointPrefixQuestionMass (2.9s)
✔ [3704/3749] Built Theorems.Thm_QuantumParallelRepetition_reweightedSeed_flagged_projection_relativeEntropy_le (2.8s)
✔ [3706/3749] Built Theorems.Thm_QuantumParallelRepetition_exactFairPsiPhiDistance_mul_postselection_le (2.9s)
✔ [3707/3749] Built Theorems.Thm_QuantumParallelRepetition_exactBobSourceMarginalInformation_le (2.8s)
✔ [3711/3749] Built Theorems.Thm_QuantumParallelRepetition_exact_source_equation_twenty_seven_support_preserving_of_information (2.9s)
✔ [3713/3749] Built Theorems.Thm_QuantumParallelRepetition_exactReverseBobFilterOperatorMarkerEntropy_sum_le_scalarEntropy (2.8s)
✔ [3715/3749] Built Theorems.Thm_QuantumParallelRepetition_exactBobSourceConditionalInformation_eq_joint_atom_sum (2.9s)
✔ [3717/3749] Built Theorems.Thm_QuantumParallelRepetition_exactLocallySampleableLaw_absolute_continuous_roundedJA (2.8s)
✔ [3718/3749] Built Theorems.Thm_QuantumParallelRepetition_unconditionalSelectedCopyIdealStage_norm_sq (2.8s)
✔ [3719/3749] Built Theorems.Thm_QuantumParallelRepetition_unconditionalSourcePhysicalSameGridWeightedStoppingLedger (2.9s)
✔ [3720/3749] Built Theorems.Thm_QuantumParallelRepetition_exactFairAcceptedAliceEntropy_le_sourceRate (2.8s)
✔ [3721/3749] Built Theorems.Thm_QuantumParallelRepetition_exists_proofDSVDensityRationalHeterogeneousStoppedCommonStopGaugeErrorBound (2.8s)
✔ [3722/3749] Built Theorems.Thm_QuantumParallelRepetition_reweightedSeedPrefixEntropyIncrement_eq_conditional (2.8s)
✔ [3723/3749] Built Theorems.Thm_QuantumParallelRepetition_exists_proofDSVDensityRationalPublicBucketPhysicalQuantitativeMixedPrefixCleanup_sq (2.9s)
✔ [3724/3749] Built Theorems.Thm_QuantumParallelRepetition_exists_proofDSVDensityRationalHeterogeneousStoppedCommonPrefixHazardBound (2.9s)
✔ [3725/3749] Built Theorems.Thm_QuantumParallelRepetition_exactReverseAlice_history_of_marked_context (2.7s)
✔ [3726/3749] Built Theorems.Thm_QuantumParallelRepetition_unconditionalActualPhysicalMixedAcceptedSpectralGauge_stage (2.9s)
✔ [3728/3749] Built Theorems.Thm_QuantumParallelRepetition_exactReverseAliceHighQuestionPotential_eq_alignedPrefix (2.8s)
✔ [3730/3749] Built Theorems.Thm_QuantumParallelRepetition_exact_source_equation_twenty_seven_support_preserving (2.8s)
✔ [3731/3749] Built Theorems.Thm_QuantumParallelRepetition_exact_standardQuantumParallelRepetition_of_source_rounding (2.7s)
✔ [3732/3749] Built Theorems.Thm_QuantumParallelRepetition_exactReverseBobFilterOperatorMarkerEntropy_sum_telescope (2.7s)
✔ [3733/3749] Built Theorems.Thm_QuantumParallelRepetition_unconditionalActualFairSourceRoundingContext_cleanBound (2.7s)
✔ [3734/3749] Built Theorems.Thm_QuantumParallelRepetition_exactReverseAliceFilterOperatorMarkerEntropy_sum_telescope (2.8s)
✔ [3736/3749] Built Theorems.Thm_QuantumParallelRepetition_dSVDensityRationalHeterogeneousCommonStopSpectralAliceMass_eq_diagonalBorn (2.8s)
✔ [3739/3749] Built Theorems.Thm_QuantumParallelRepetition_exactReverseAliceLowQuestionPotential_eq_alignedPrefix (2.8s)
✔ [3743/3749] Built Theorems.Thm_QuantumParallelRepetition_exactReverseAliceFilterOperatorMarkerEntropy_sum_le_scalarEntropy (2.8s)
✔ [3745/3752] Built Theorems.Thm_QuantumParallelRepetition_exactAliceQuestionFilter_eq_jointPrefixOperatorFilter (2.7s)
✔ [3746/3752] Built Theorems.Thm_QuantumParallelRepetition_exact_source_equation_twenty_seven_support_preserving_unconditional (2.8s)
✔ [3747/3758] Built Theorems.Thm_QuantumParallelRepetition_exactRevealCode_eq_iff_fair_question_masks (2.7s)
✔ [4305/4351] Built Solutions.Sol_QuantumParallelRepetition_exactReverseAliceMarkerDecode_rightInverse (3.6s)
✔ [5181/5204] Built Solutions.Sol_QuantumParallelRepetition_ensemble_spectralPurificationFilterEntryLp_mem_common (4.8s)
✔ [6796/6937] Built Solutions.Sol_QuantumParallelRepetition_dSVDensityRationalHeterogeneousPhysicalStageContinue_le_uniform (7.6s)
✔ [8744/8985] Built Solutions.Sol_QuantumParallelRepetition_exactReverseAliceUniformMarkedSeed_sum (5.5s)
✔ [8745/8985] Built Solutions.Sol_QuantumParallelRepetition_exactSourceStateDistanceBound_of_fair_operator_entropy (11s)
✔ [8746/8985] Built Solutions.Sol_QuantumParallelRepetition_dSVDensityRationalHeterogeneousCommonStopSpectralAliceMass_eq_diagonalBorn (11s)
✔ [8747/8985] Built Solutions.Sol_QuantumParallelRepetition_UnconditionalActualFairSourceRoundingContext_answerNonempty (12s)
✔ [8748/8985] Built Solutions.Sol_QuantumParallelRepetition_permutationMatrix_mem_unitary (7.0s)
✔ [8749/8985] Built Solutions.Sol_QuantumParallelRepetition_exactReverseRightSide_card (13s)
✔ [8750/8985] Built Solutions.Sol_QuantumParallelRepetition_mixtureEmbedding_isometry (6.0s)
✔ [8751/8985] Built Solutions.Sol_QuantumParallelRepetition_unconditionalActualFairSourcePhysicalStopBornWitness (26s)
✔ [8752/8985] Built Solutions.Sol_QuantumParallelRepetition_mixtureBlockMatrix_trace (7.0s)
✔ [8753/8985] Built Solutions.Sol_QuantumParallelRepetition_exactReverseAliceConditionalSeedWeight_nonneg (4.2s)
✔ [8754/8985] Built Solutions.Sol_QuantumParallelRepetition_exactReverseBobActualMarkedEntropy_eq_source (51s)
✔ [8755/8985] Built Solutions.Sol_QuantumParallelRepetition_unconditionalActualFairSourceOuterBorn_of_base (20s)
✔ [8756/8985] Built Solutions.Sol_QuantumParallelRepetition_unconditionalActualFairCleanedRow_le_one (12s)
✔ [8758/8985] Built Solutions.Sol_QuantumParallelRepetition_answerLogCost_nonneg_of_postselection (14s)
✔ [8759/8985] Built Solutions.Sol_QuantumParallelRepetition_dSVDensityRationalHeterogeneousActualPhysicalFlagBornState_allFlags (14s)
✔ [8760/8985] Built Solutions.Sol_QuantumParallelRepetition_strategyPurificationVector_norm (7.2s)
✔ [8761/8985] Built Solutions.Sol_QuantumParallelRepetition_exists_proofDSVUniformDensityPolarLeftCanonicalSchmidt (8.0s)
✔ [8762/8985] Built Solutions.Sol_QuantumParallelRepetition_exactFairGammaPsiDistance_mul_postselection_le (50s)
✔ [8763/8985] Built Solutions.Sol_QuantumParallelRepetition_dSVDensityRationalHeterogeneousPhysicalStageAsynchronous_relative_diagonal_le (12s)
✔ [8764/8985] Built Solutions.Sol_QuantumParallelRepetition_fullHistoryAliceEntropyPotential_lower_bound (18s)
✔ [8766/8985] Built Solutions.Sol_QuantumParallelRepetition_positiveMatrixSpectralAtom_sum (5.9s)
✔ [8767/8985] Built Solutions.Sol_QuantumParallelRepetition_exactFairBobSeedScalarEntropy_le (25s)
✔ [8768/8985] Built Solutions.Sol_QuantumParallelRepetition_exactGlobalHistoryLocalIndex_card_pos (4.6s)
✔ [8769/8985] Built Solutions.Sol_QuantumParallelRepetition_exactReverseAliceMarkerCode_injective (5.8s)
✔ [8770/8985] Built Solutions.Sol_QuantumParallelRepetition_exactReverseAliceConditionalSeedWeight_sum (12s)
✔ [8771/8985] Built Solutions.Sol_QuantumParallelRepetition_exactFairPsiPhiDistance_mul_postselection_le (52s)
✔ [8772/8985] Built Solutions.Sol_QuantumParallelRepetition_sourceHistoryAcceptedMass_eq_uniform (27s)
✔ [8773/8985] Built Solutions.Sol_QuantumParallelRepetition_exactFairBobMeanFilter_eq_jointPrefixOperatorFilter (9.7s)
✔ [8774/8985] Built Solutions.Sol_QuantumParallelRepetition_exactBobPurificationFamily_posSemidef (4.6s)
✔ [8775/8985] Built Solutions.Sol_QuantumParallelRepetition_exactRemainingCoordinate_card_pos (4.9s)
✔ [8777/8985] Built Solutions.Sol_QuantumParallelRepetition_dSVDensityRationalPublicBucketLocalHarmonicCleanup_sq (7.4s)
✔ [8778/8985] Built Solutions.Sol_QuantumParallelRepetition_dSVDensityRationalCompleteProjectiveThresholdProjector_pos (3.9s)
✔ [8779/8985] Built Solutions.Sol_QuantumParallelRepetition_exactReverseBobUniformMarkedSeed_sum (5.9s)
✔ [8780/8985] Built Solutions.Sol_QuantumParallelRepetition_exactSourceWinningEffect_quadratic_eq_conditional (11s)
✔ [8781/8985] Built Solutions.Sol_QuantumParallelRepetition_exactFairAcceptedAliceEntropy_le_sourceRate (12s)
✔ [8782/8985] Built Solutions.Sol_QuantumParallelRepetition_exact_source_equation_twenty_three_of_conditioned_reverse_prefix (57s)
✔ [8783/8985] Built Solutions.Sol_QuantumParallelRepetition_exactReverseBob_history_of_marked_context (26s)
✔ [8784/8985] Built Solutions.Sol_QuantumParallelRepetition_exactBobQuestionPurificationMatrix_gram (6.7s)
✔ [8785/8985] Built Solutions.Sol_QuantumParallelRepetition_spectralPurificationFilter_memLp_two (3.8s)
✔ [8786/8985] Built Solutions.Sol_QuantumParallelRepetition_mixtureBlockMatrix_posSemidef (2.7s)
✔ [8787/8985] Built Solutions.Sol_QuantumParallelRepetition_exactAliceConditionalMatrix_eq_joint (4.6s)
✔ [8788/8985] Built Solutions.Sol_QuantumParallelRepetition_UnconditionalActualFairSourceRoundingContext_width_all (3.6s)
✔ [8789/8985] Built Solutions.Sol_QuantumParallelRepetition_unconditionalSelectedCopyIdealStage_norm_sq (14s)
✔ [8790/8985] Built Solutions.Sol_QuantumParallelRepetition_exactBobSourceMarginalInformation_le (88s)
✔ [8791/8985] Built Solutions.Sol_QuantumParallelRepetition_exactConditionedReverseBobNextJoint_marked_conditional_eq_fixedOutcome (19s)
✔ [8792/8985] Built Solutions.Sol_QuantumParallelRepetition_exactReverseBobConditionalHistoryIdentification_proved (8.6s)
✔ [8793/8985] Built Solutions.Sol_QuantumParallelRepetition_commonFinitePurification_weighted_right_variation_le (5.6s)
✔ [8794/8985] Built Solutions.Sol_QuantumParallelRepetition_fullHistoryRemaining_insert_subset (4.5s)
✔ [8795/8985] Built Solutions.Sol_QuantumParallelRepetition_exactBobSourceConditionalInformation_eq_joint_atom_sum (7.7s)
✔ [8796/8985] Built Solutions.Sol_QuantumParallelRepetition_exists_proofDSVDensityRationalPublicBucketPhysicalQuantitativeMixedPrefixCleanup_sq (9.6s)
✔ [8797/8985] Built Solutions.Sol_QuantumParallelRepetition_exactAliceSourceConditionalInformation_eq_joint_atom_sum (8.2s)
✔ [8798/8985] Built Solutions.Sol_QuantumParallelRepetition_unconditionalSourcePhysicalSameGridWeightedStoppingLedger (9.1s)
✔ [8799/8985] Built Solutions.Sol_QuantumParallelRepetition_reweightedSeedPrefix_absolute_continuity (12s)
✔ [8800/8985] Built Solutions.Sol_QuantumParallelRepetition_unconditionalExactSourceScalarClipping (8.2s)
✔ [8802/8985] Built Solutions.Sol_QuantumParallelRepetition_exactBobCoordinateFilter_sum (3.9s)
✔ [8803/8985] Built Solutions.Sol_QuantumParallelRepetition_exactAliceQuestionFilter_posSemidef (3.6s)
✔ [8804/8985] Built Solutions.Sol_QuantumParallelRepetition_unconditionalExactFairStoppedPhaseHarmonicClippedUnit_le (12s)
✔ [8805/8985] Built Solutions.Sol_QuantumParallelRepetition_unconditionalActualFairSourceRoundingContext_verifierLedger (14s)
✔ [8806/8985] Built Solutions.Sol_QuantumParallelRepetition_dSVDensityRationalHeterogeneousPhysicalStopped_mass_partition (7.4s)
✔ [8807/8985] Built Solutions.Sol_QuantumParallelRepetition_exactAliceCoordinateFilter_sum (3.3s)
✔ [8808/8985] Built Solutions.Sol_QuantumParallelRepetition_dSVDensityRationalCanonicalNormalizedTarget_norm (5.9s)
✔ [8809/8985] Built Solutions.Sol_QuantumParallelRepetition_exactReverseBobConditionalSeedWeight_sum (6.5s)
✔ [8810/8985] Built Solutions.Sol_QuantumParallelRepetition_exactReverseBobHighQuestionPotential_eq_alignedPrefix (200s)
✔ [8811/8985] Built Solutions.Sol_QuantumParallelRepetition_unconditionalSourcePhysicalCleanedSelectedHistoryEquiv_hit (3.5s)
✔ [8812/8985] Built Solutions.Sol_QuantumParallelRepetition_fullSubsetHistory_mass_eq_postselection (6.8s)
✔ [8813/8985] Built Solutions.Sol_QuantumParallelRepetition_exactReverseLeftSide_coordinate_mem (3.0s)
✔ [8814/8985] Built Solutions.Sol_QuantumParallelRepetition_exactReverseRightSide_complement (3.0s)
✔ [8816/8985] Built Solutions.Sol_QuantumParallelRepetition_dSVDensityRationalPhysicalProjector_complement_pos (3.3s)
✔ [8817/8985] Built Solutions.Sol_QuantumParallelRepetition_exactReverseAliceFilterOperatorMarkerEntropy_sum_telescope (4.5s)
✔ [8818/8985] Built Solutions.Sol_QuantumParallelRepetition_exactFixedAliceQuestionMass_eq_product (4.3s)
✔ [8819/8985] Built Solutions.Sol_QuantumParallelRepetition_reweightedSeedPrefixPriorMarginal_ne_zero_of_positive_atom (13s)
✔ [8820/8985] Built Solutions.Sol_QuantumParallelRepetition_arbitrarily_large_purified_divisor_greedy_conditioning_with_rounding (17s)
✔ [8822/8985] Built Solutions.Sol_QuantumParallelRepetition_exactReverseBobMarkerDecode_rightInverse (3.4s)
✔ [8823/8985] Built Solutions.Sol_QuantumParallelRepetition_exactReverseBobFilterOperatorMarkerEntropy_sum_telescope (5.3s)
✔ [8824/8985] Built Solutions.Sol_QuantumParallelRepetition_exactFairAliceMeanFilter_eq_jointPrefixOperatorFilter (8.3s)
✔ [8825/8985] Built Solutions.Sol_QuantumParallelRepetition_exactBobQuestionMass_eq_jointPrefixQuestionMass (2.9s)
✔ [8826/8985] Built Solutions.Sol_QuantumParallelRepetition_exactPaddedDefault_norm (3.1s)
✔ [8828/8985] Built Solutions.Sol_QuantumParallelRepetition_exactReverseLeftSide_complement (3.8s)
✔ [8829/8985] Built Solutions.Sol_QuantumParallelRepetition_embezzlementState_norm (3.2s)
✔ [8830/8985] Built Solutions.Sol_QuantumParallelRepetition_commonPurificationSubspace_finiteDimensional (2.9s)
✔ [8831/8985] Built Solutions.Sol_QuantumParallelRepetition_posSemidef_blockDiagonal_prime (2.7s)
✔ [8832/8985] Built Solutions.Sol_QuantumParallelRepetition_exactReverseLeftSide_card (3.3s)
✔ [8833/8985] Built Solutions.Sol_QuantumParallelRepetition_unconditionalActualFairSourceRoundingData_exists_stoppedVerifier (285s)
✔ [8834/8985] Built Solutions.Sol_QuantumParallelRepetition_dSVDensityRationalHeterogeneousPhysicalDiagonalSurvival_budget (9.4s)
✔ [8835/8985] Built Solutions.Sol_QuantumParallelRepetition_mean_spectralPurificationFilterEntryLp_mem_common (7.5s)
✔ [8836/8985] Built Solutions.Sol_QuantumParallelRepetition_exactSourceNormalizedWinningEffect_eq_conditional (15s)
✔ [8837/8985] Built Solutions.Sol_QuantumParallelRepetition_exactSourceConditionalWinningProbability_eq_fine_born_ratio (11s)
✔ [8838/8985] Built Solutions.Sol_QuantumParallelRepetition_exactReverseBobCanonicalPartition_otherSide (3.4s)
✔ [8839/8985] Built Solutions.Sol_QuantumParallelRepetition_exactReverseAliceCanonicalPartition_card (3.5s)
✔ [8840/8985] Built Solutions.Sol_QuantumParallelRepetition_directDSVActualStoppingSelectedHistory_sourceProduct (4.8s)
✔ [8841/8985] Built Solutions.Sol_QuantumParallelRepetition_exact_standardQuantumParallelRepetition_of_source_rounding (6.1s)
✔ [8842/8985] Built Solutions.Sol_QuantumParallelRepetition_exactReverseBobLowQuestionPotential_eq_alignedPrefix (203s)
✔ [8843/8985] Built Solutions.Sol_QuantumParallelRepetition_exact_exists_support_preserving_local_shared_permutation (9.8s)
✔ [8845/8985] Built Solutions.Sol_QuantumParallelRepetition_martingale_log_cost_eq (11s)
✔ [8846/8985] Built Solutions.Sol_QuantumParallelRepetition_unconditionalActualFairSourceStoppingHazardData_of_positive (5.3s)
✔ [8847/8985] Built Solutions.Sol_QuantumParallelRepetition_exists_proofUnconditionalStoppedCommonPrefixBalancedHazard (14s)
✔ [8848/8985] Built Solutions.Sol_QuantumParallelRepetition_dSVDensityRationalLargeWidthPhysicalRelativeHazard_eq (13s)
✔ [8849/8985] Built Solutions.Sol_QuantumParallelRepetition_exactAliceQuestionPurificationMatrix_gram (9.3s)
✔ [8850/8985] Built Solutions.Sol_QuantumParallelRepetition_exactConditionedReverseAliceNextPrior_marked_joint_factor (12s)
✔ [8851/8985] Built Solutions.Sol_QuantumParallelRepetition_exactInsertedPrefixBefore_marker_eq (4.1s)
✔ [8852/8985] Built Solutions.Sol_QuantumParallelRepetition_exactFairWinningOutcomeBornMass_eq_fiber_conditional (11s)
✔ [8853/8985] Built Solutions.Sol_QuantumParallelRepetition_exactReverseBobMarkerCode_injective (4.5s)
✔ [8854/8985] Built Solutions.Sol_QuantumParallelRepetition_exactSourceSharedFlagWeight_nonneg (4.0s)
✔ [8855/8985] Built Solutions.Sol_QuantumParallelRepetition_purifiedRefinedEffect_complete (5.7s)
✔ [8857/8985] Built Solutions.Sol_QuantumParallelRepetition_reweightedSeed_source_equation_twenty_six (13s)
✔ [8858/8985] Built Solutions.Sol_QuantumParallelRepetition_unconditionalActualFairWeightedStoppedSuccess (11s)
✔ [8859/8985] Built Solutions.Sol_QuantumParallelRepetition_exactLeft_coordinate_not_mem (6.4s)
✔ [8861/8985] Built Solutions.Sol_QuantumParallelRepetition_matrixLogEntropy_weighted_jensen_posSemidef (15s)
✔ [8862/8985] Built Solutions.Sol_QuantumParallelRepetition_exactRight_coordinate_not_mem (3.2s)
✔ [8863/8985] Built Solutions.Sol_QuantumParallelRepetition_exactAliceQuestionMass_eq_jointPrefixQuestionMass (3.9s)
✔ [8864/8985] Built Solutions.Sol_QuantumParallelRepetition_reweightedSeedPrefixEntropyIncrement_eq_actual_atom_sum (5.5s)
✔ [8865/8985] Built Solutions.Sol_QuantumParallelRepetition_positiveMatrixSpectralAtom_posSemidef (4.6s)
✔ [8866/8985] Built Solutions.Sol_QuantumParallelRepetition_actualStoppingQuestionLocalWinningProbability_ge_matched (11s)
✔ [8867/8985] Built Solutions.Sol_QuantumParallelRepetition_exact_source_equation_twenty_seven_support_preserving (8.2s)
✔ [8868/8985] Built Solutions.Sol_QuantumParallelRepetition_exactReverseBobCanonicalPartition_card (4.0s)
✔ [8869/8985] Built Solutions.Sol_QuantumParallelRepetition_exactReverseAliceFilterOperatorMarkerEntropy_sum_le_scalarEntropy (17s)
✔ [8870/8985] Built Solutions.Sol_QuantumParallelRepetition_exactReverseAliceCanonicalPartition_side (3.1s)
✔ [8871/8985] Built Solutions.Sol_QuantumParallelRepetition_fullHistoryRemaining_insert_conditioned (2.8s)
✔ [8872/8985] Built Solutions.Sol_QuantumParallelRepetition_UnconditionalActualFairSourceRoundingContext_fine_all (2.9s)
✔ [8873/8985] Built Solutions.Sol_QuantumParallelRepetition_exactSourceTupleGamma_norm (2.0s)
✔ [8874/8985] Built Solutions.Sol_QuantumParallelRepetition_exactAliceQuestionFilter_eq_fullJointPrefixOperatorFilter (5.2s)
✔ [8875/8985] Built Solutions.Sol_QuantumParallelRepetition_exactSourceGlobalCatalystWinningEffect_law_supported_verifier (43s)
✔ [8878/8985] Built Solutions.Sol_QuantumParallelRepetition_targetReducedDensity_posSemidef (3.6s)
✔ [8879/8985] Built Solutions.Sol_QuantumParallelRepetition_purifiedRefinedEffect_posSemidef (4.5s)
✔ [8880/8985] Built Solutions.Sol_QuantumParallelRepetition_exactBobQuestionFilter_posSemidef (3.1s)
✔ [8882/8985] Built Solutions.Sol_QuantumParallelRepetition_exactSeedWeight_sum (93s)
✔ [8884/8985] Built Solutions.Sol_QuantumParallelRepetition_unconditionalActualSourceSamplerBounds (7.3s)
✔ [8886/8985] Built Solutions.Sol_QuantumParallelRepetition_unconditionalActualFairSourceSamplerData_of_positive (4.3s)
✔ [8887/8985] Built Solutions.Sol_QuantumParallelRepetition_exactReverseAliceCanonicalPartition_otherSide (4.2s)
✔ [8888/8985] Built Solutions.Sol_QuantumParallelRepetition_exactFairAcceptedBobEntropy_le_sourceRate (9.4s)
✔ [8889/8985] Built Solutions.Sol_QuantumParallelRepetition_pdf_distributionUniformExponential_of_uniform_source_rounding (14s)
✔ [8890/8985] Built Solutions.Sol_QuantumParallelRepetition_exactReverseAliceHighQuestionPotential_eq_alignedPrefix (113s)
✔ [8891/8985] Built Solutions.Sol_QuantumParallelRepetition_unconditionalActualFixedSourceDecodedMatchedBranch (14s)
✔ [8892/8985] Built Solutions.Sol_QuantumParallelRepetition_unconditionalActualC485CompleteDecodedPhysicalBorn (14s)
✔ [8894/8985] Built Solutions.Sol_QuantumParallelRepetition_exactBobCoordinateFilter_posSemidef (3.7s)
✔ [8895/8985] Built Solutions.Sol_QuantumParallelRepetition_exactAlicePurificationFamily_posSemidef (4.1s)
✔ [8896/8985] Built Solutions.Sol_QuantumParallelRepetition_exact_source_equation_twenty_seven_support_preserving_of_information (55s)
✔ [8897/8985] Built Solutions.Sol_QuantumParallelRepetition_exists_proofDSVDensityRationalHeterogeneousCommonStopSpectralGaugeContinuity_sq (11s)
✔ [8898/8985] Built Solutions.Sol_QuantumParallelRepetition_unconditionalSourcePhysicalRounding_exists_fairStoppingHazard (14s)
✔ [8900/8985] Built Solutions.Sol_QuantumParallelRepetition_dSVDensityRationalHeterogeneousPhysicalStageDiagonalSuccess_ge_uniform (10s)
✔ [8901/8985] Built Solutions.Sol_QuantumParallelRepetition_exactReverseAliceSideMarkedPosteriorConditional_eq_fixedSeedFiber (23s)
✔ [8902/8985] Built Solutions.Sol_QuantumParallelRepetition_exactAliceSourceMarginalInformation_le (99s)
✔ [8903/8985] Built Solutions.Sol_QuantumParallelRepetition_exactSeedWeight_nonneg (4.9s)
✔ [8904/8985] Built Solutions.Sol_QuantumParallelRepetition_unconditionalActualPhysicalMixedAcceptedSpectralGauge_stage (20s)
✔ [8905/8985] Built Solutions.Sol_QuantumParallelRepetition_unconditionalActualFairSourceBaseSupportedBorn (15s)
✔ [8908/8985] Built Solutions.Sol_QuantumParallelRepetition_common_finite_purification_pair_jensen (18s)
✔ [8909/8985] Built Solutions.Sol_QuantumParallelRepetition_exactLocallySampleableLaw_eq_fair_born (13s)
✔ [8910/8985] Built Solutions.Sol_QuantumParallelRepetition_exactReverseAliceCanonicalPartition_unique (4.2s)
✔ [8911/8985] Built Solutions.Sol_QuantumParallelRepetition_dSVUniformDensitySpectralAtomDiscrepancy_le (16s)
✔ [8912/8985] Built Solutions.Sol_QuantumParallelRepetition_scalarResolventFilter_memLp_two (3.6s)
✔ [8913/8985] Built Solutions.Sol_QuantumParallelRepetition_aliceMartingaleEntropyBudget (11s)
✔ [8914/8985] Built Solutions.Sol_QuantumParallelRepetition_exact_source_equation_twenty_seven_support_preserving_unconditional (31s)
✔ [8915/8985] Built Solutions.Sol_QuantumParallelRepetition_reweightedSeed_flagged_projection_relativeEntropy_le (11s)
✔ [8916/8985] Built Solutions.Sol_QuantumParallelRepetition_exactFairConditionedAnswerBornMass_eq_fiber_norm (13s)
✔ [8917/8985] Built Solutions.Sol_QuantumParallelRepetition_exactReverseRightSide_coordinate_mem (10s)
✔ [8918/8985] Built Solutions.Sol_QuantumParallelRepetition_dSVUniformDensityThresholdSharedState_norm (3.9s)
✔ [8919/8985] Built Solutions.Sol_QuantumParallelRepetition_exactAliceCoordinateFilter_posSemidef (4.3s)
✔ [8920/8985] Built Solutions.Sol_QuantumParallelRepetition_dSVUniformDensityPolarConjugateSwap_norm (6.4s)
✔ [8921/8985] Built Solutions.Sol_QuantumParallelRepetition_exactReverseBobCanonicalPartition_side (3.0s)
✔ [8922/8985] Built Solutions.Sol_QuantumParallelRepetition_dSVDensityRationalMixedAcceptedPrefix_norm_sq (8.4s)
✔ [8923/8985] Built Solutions.Sol_QuantumParallelRepetition_dSVDensityRationalLargeWidthRelativeMismatch_le_targetDistance (8.0s)
✔ [8924/8985] Built Solutions.Sol_QuantumParallelRepetition_exactReverseAliceContext_prefix_before_marked (4.5s)
✔ [8925/8985] Built Solutions.Sol_QuantumParallelRepetition_unconditionalSourcePhysicalCleanedStoppingFixedSource_norm (8.6s)
✔ [8926/8985] Built Solutions.Sol_QuantumParallelRepetition_reweightedSeedPrefixEntropyIncrement_eq_conditional (16s)
✔ [8927/8985] Built Solutions.Sol_QuantumParallelRepetition_commonFinitePurification_weighted_left_variation_le (6.4s)
✔ [8928/8985] Built Solutions.Sol_QuantumParallelRepetition_exactReverseAliceLowQuestionPotential_eq_alignedPrefix (33s)
✔ [8929/8985] Built Solutions.Sol_QuantumParallelRepetition_exactReverseAlice_history_of_marked_context (35s)
✔ [8930/8985] Built Solutions.Sol_QuantumParallelRepetition_fullCoordinateAliceEntropyIncrement_nonneg (7.4s)
✔ [8931/8985] Built Solutions.Sol_QuantumParallelRepetition_distributionUniformExponential (16s)
✔ [8932/8985] Built Solutions.Sol_QuantumParallelRepetition_exists_proofDSVDensityRationalHeterogeneousStoppedCommonPrefixHazardBound (10s)
✔ [8933/8985] Built Solutions.Sol_QuantumParallelRepetition_matrixLogEntropy_born_lower_bound_left (8.1s)
✔ [8934/8985] Built Solutions.Sol_QuantumParallelRepetition_UnconditionalActualFairSourceRoundingContext_width_positive (5.8s)
✔ [8935/8985] Built Solutions.Sol_QuantumParallelRepetition_standardQuantumParallelRepetition (20s)
✔ [8936/8985] Built Solutions.Sol_QuantumParallelRepetition_dSVDensityRationalHeterogeneousPhysicalStoppedAsynchronousMass_le_targetDistance (13s)
✔ [8938/8985] Built Solutions.Sol_QuantumParallelRepetition_exactAliceQuestionFilter_eq_jointPrefixOperatorFilter (4.8s)
✔ [8939/8985] Built Solutions.Sol_QuantumParallelRepetition_unconditionalNormalizedCanonicalRetainedWork_norm_sq (15s)
✔ [8940/8985] Built Solutions.Sol_QuantumParallelRepetition_dSVUniformLeftDensityConjugateSwapVector_norm (3.0s)
✔ [8941/8985] Built Solutions.Sol_QuantumParallelRepetition_dSVDensityRationalCompleteProjectiveThresholdProjector_complement_pos (4.5s)
✔ [8942/8985] Built Solutions.Sol_QuantumParallelRepetition_exactLocallySampleableLaw_absolute_continuous_roundedJA (6.7s)
✔ [8943/8985] Built Solutions.Sol_QuantumParallelRepetition_unconditionalActualFairSourceRoundingContext_cleanBound (28s)
✔ [8944/8985] Built Solutions.Sol_QuantumParallelRepetition_exists_proofDSVDensityRationalHeterogeneousStoppedCommonStopGaugeErrorBound (8.5s)
✔ [8945/8985] Built Solutions.Sol_QuantumParallelRepetition_exactReverseBobFilterOperatorMarkerEntropy_sum_le_scalarEntropy (19s)
✔ [8946/8985] Built Solutions.Sol_QuantumParallelRepetition_exactReverseBobConditionalSeedWeight_nonneg (6.0s)
✔ [8947/8985] Built Solutions.Sol_QuantumParallelRepetition_exactSourceSharedFlagWeight_sum (4.4s)
✔ [8948/8985] Built Solutions.Sol_QuantumParallelRepetition_exists_proofUniversalHarmonicCatalyst (16s)
✔ [8949/8985] Built Solutions.Sol_QuantumParallelRepetition_exactGlobalHistoryVector_norm (16s)
✔ [8950/8985] Built Solutions.Sol_QuantumParallelRepetition_dSVDensityRationalHeterogeneousPhysicalTerminalMass_le_pow (5.3s)
✔ [8951/8985] Built Solutions.Sol_QuantumParallelRepetition_dSVDensityRationalHeterogeneousPhysicalStageHazardRatio_le_targetDistance (4.3s)
✔ [8952/8985] Built Solutions.Sol_QuantumParallelRepetition_exactReverseBobCanonicalPartition_unique (3.8s)
✔ [8953/8985] Built Solutions.Sol_QuantumParallelRepetition_unconditionalActualFairSourceRoundingContext_analyticLedger (29s)
✔ [8954/8985] Built Solutions.Sol_QuantumParallelRepetition_unconditionalActualCanonicalFullSource_eq_rawSelectedStage (12s)
✔ [8955/8985] Built Solutions.Sol_QuantumParallelRepetition_exactBobQuestionFilter_eq_jointPrefixOperatorFilter (3.6s)
✔ [8956/8985] Built Solutions.Sol_QuantumParallelRepetition_unconditionalActualC485NormalizedDiagonalWork_mass_sum_le_one (5.2s)
✔ [8957/8985] Built Solutions.Sol_QuantumParallelRepetition_exactConditionedReverseBobNextPrior_marked_joint_factor (11s)
✔ [8958/8985] Built Solutions.Sol_QuantumParallelRepetition_exactBobConditionalMatrix_eq_joint (8.3s)
✔ [8959/8985] Built Solutions.Sol_QuantumParallelRepetition_exactSourceConditionalWinningProbability_eq_normalized_verifier (11s)
✔ [8960/8985] Built Solutions.Sol_QuantumParallelRepetition_exactSourceAliceSampleTuple_expectation (5.9s)
✔ [8961/8985] Built Solutions.Sol_QuantumParallelRepetition_exactSourceAnswerTypes_nonempty_of_remaining (3.9s)
✔ [8962/8985] Built Solutions.Sol_QuantumParallelRepetition_unconditionalWeightedClippedMatchedVerifierAndMassLoss (15s)
✔ [8963/8985] Built Solutions.Sol_QuantumParallelRepetition_dSVSoftBobLeftReducedDensity_posSemidef (4.4s)
✔ [8964/8985] Built Solutions.Sol_QuantumParallelRepetition_exactRevealCode_eq_iff_fair_question_masks (4.8s)
✔ [8965/8985] Built Solutions.Sol_QuantumParallelRepetition_exactFairAliceMeanBornMass_eq_fullOutcome_sum (12s)
✔ [8966/8985] Built Solutions.Sol_QuantumParallelRepetition_normalizeOrDefault_norm (3.0s)
✔ [8967/8985] Built Solutions.Sol_QuantumParallelRepetition_diagonalSchmidtState_norm_sq (5.3s)
✔ [8968/8985] Built Solutions.Sol_QuantumParallelRepetition_exists_proofDSVDensityRationalPublicBucketPhysicalMixedPrefixCleanup_sq (11s)
✔ [8969/8985] Built Solutions.Sol_QuantumParallelRepetition_exactFairBobMeanBornMass_eq_fullOutcome_sum (15s)
✔ [8970/8985] Built Solutions.Sol_QuantumParallelRepetition_dSVDensityRationalPhysicalProjector_pos (5.7s)
✔ [8971/8985] Built Solutions.Sol_QuantumParallelRepetition_finiteTensorLocalUnitaryMatrix_gram (7.1s)
✔ [8972/8985] Built Solutions.Sol_QuantumParallelRepetition_dSVDensityRationalHeterogeneousPhysicalStageHazardRatio_le_relative_diagonal (15s)
✔ [8974/8985] Built Solutions.Sol_QuantumParallelRepetition_exactFairAliceSeedScalarEntropy_le (24s)
✔ [8982/9221] Built Checks.Chk_QuantumParallelRepetition_unconditionalActualFairSourceOuterBorn_of_base (4.3s)
✔ [8983/9221] Built Checks.Chk_QuantumParallelRepetition_unconditionalWeightedClippedMatchedVerifierAndMassLoss (3.5s)
✔ [8984/9221] Built Solutions.Sol_QuantumParallelRepetition_exactReverseAliceMarkedContextInformation_eq_source (54s)
✔ [8985/9221] Built Checks.Chk_QuantumParallelRepetition_exactInsertedPrefixBefore_marker_eq (3.0s)
✔ [8986/9221] Built Checks.Chk_QuantumParallelRepetition_dSVDensityRationalPhysicalProjector_pos (3.5s)
✔ [8987/9221] Built Checks.Chk_QuantumParallelRepetition_exactSourceAnswerTypes_nonempty_of_remaining (2.9s)
✔ [8988/9221] Built Checks.Chk_QuantumParallelRepetition_UnconditionalActualFairSourceRoundingContext_fine_all (2.0s)
✔ [8989/9221] Built Checks.Chk_QuantumParallelRepetition_exactBobQuestionPurificationMatrix_gram (2.7s)
✔ [8990/9221] Built Checks.Chk_QuantumParallelRepetition_sourceHistoryAcceptedMass_eq_uniform (2.7s)
✔ [8991/9221] Built Checks.Chk_QuantumParallelRepetition_unconditionalActualSourceSamplerBounds (2.7s)
✔ [8992/9221] Built Checks.Chk_QuantumParallelRepetition_directDSVActualStoppingSelectedHistory_sourceProduct (2.7s)
✔ [8993/9221] Built Checks.Chk_QuantumParallelRepetition_unconditionalSourcePhysicalSameGridWeightedStoppingLedger (2.7s)
✔ [8994/9221] Built Checks.Chk_QuantumParallelRepetition_dSVDensityRationalLargeWidthRelativeMismatch_le_targetDistance (2.7s)
✔ [8995/9221] Built Checks.Chk_QuantumParallelRepetition_pdf_distributionUniformExponential_of_uniform_source_rounding (2.7s)
✔ [8996/9221] Built Checks.Chk_QuantumParallelRepetition_positiveMatrixSpectralAtom_posSemidef (2.6s)
✔ [8997/9221] Built Checks.Chk_QuantumParallelRepetition_dSVDensityRationalHeterogeneousPhysicalStageContinue_le_uniform (2.6s)
✔ [8998/9221] Built Checks.Chk_QuantumParallelRepetition_exactReverseBob_history_of_marked_context (2.7s)
✔ [8999/9221] Built Checks.Chk_QuantumParallelRepetition_exactSourceAliceSampleTuple_expectation (2.7s)
✔ [9000/9221] Built Checks.Chk_QuantumParallelRepetition_fullHistoryAliceEntropyPotential_lower_bound (2.6s)
✔ [9001/9221] Built Checks.Chk_QuantumParallelRepetition_exactReverseBobConditionalSeedWeight_nonneg (2.8s)
✔ [9002/9221] Built Checks.Chk_QuantumParallelRepetition_exactFairBobMeanBornMass_eq_fullOutcome_sum (2.7s)
✔ [9003/9221] Built Checks.Chk_QuantumParallelRepetition_exactBobQuestionMass_eq_jointPrefixQuestionMass (2.8s)
✔ [9004/9221] Built Checks.Chk_QuantumParallelRepetition_exists_proofDSVDensityRationalPublicBucketPhysicalQuantitativeMixedPrefixCleanup_sq (2.0s)
✔ [9005/9221] Built Checks.Chk_QuantumParallelRepetition_common_finite_purification_pair_jensen (2.8s)
✔ [9006/9221] Built Checks.Chk_QuantumParallelRepetition_exactReverseAliceContext_prefix_before_marked (2.8s)
✔ [9008/9221] Built Checks.Chk_QuantumParallelRepetition_mean_spectralPurificationFilterEntryLp_mem_common (2.8s)
✔ [9009/9221] Built Checks.Chk_QuantumParallelRepetition_exactSourceTupleGamma_norm (2.8s)
✔ [9010/9221] Built Checks.Chk_QuantumParallelRepetition_exactLeft_coordinate_not_mem (2.8s)
✔ [9011/9221] Built Checks.Chk_QuantumParallelRepetition_exactBobCoordinateFilter_posSemidef (2.7s)
✔ [9012/9221] Built Checks.Chk_QuantumParallelRepetition_exactReverseAliceMarkerDecode_rightInverse (2.8s)
✔ [9013/9221] Built Checks.Chk_QuantumParallelRepetition_targetReducedDensity_posSemidef (2.8s)
✔ [9014/9221] Built Checks.Chk_QuantumParallelRepetition_unconditionalActualFairSourceStoppingHazardData_of_positive (3.2s)
✔ [9015/9221] Built Checks.Chk_QuantumParallelRepetition_dSVDensityRationalHeterogeneousPhysicalStageAsynchronous_relative_diagonal_le (3.2s)
✔ [9016/9221] Built Checks.Chk_QuantumParallelRepetition_exactPaddedDefault_norm (2.8s)
✔ [9017/9221] Built Checks.Chk_QuantumParallelRepetition_exactBobCoordinateFilter_sum (2.7s)
✔ [9018/9221] Built Checks.Chk_QuantumParallelRepetition_unconditionalActualC485CompleteDecodedPhysicalBorn (2.7s)
✔ [9019/9221] Built Checks.Chk_QuantumParallelRepetition_exact_source_equation_twenty_three_of_conditioned_reverse_prefix (2.7s)
✔ [9020/9221] Built Checks.Chk_QuantumParallelRepetition_exactFairAliceSeedScalarEntropy_le (2.6s)
✔ [9021/9221] Built Checks.Chk_QuantumParallelRepetition_dSVDensityRationalCompleteProjectiveThresholdProjector_complement_pos (2.7s)
✔ [9023/9221] Built Checks.Chk_QuantumParallelRepetition_UnconditionalActualFairSourceRoundingContext_width_all (2.7s)
✔ [9024/9221] Built Checks.Chk_QuantumParallelRepetition_distributionUniformExponential (2.6s)
✔ [9025/9221] Built Checks.Chk_QuantumParallelRepetition_reweightedSeedPrefixEntropyIncrement_eq_actual_atom_sum (2.7s)
✔ [9026/9221] Built Checks.Chk_QuantumParallelRepetition_unconditionalSourcePhysicalCleanedStoppingFixedSource_norm (2.5s)
✔ [9027/9221] Built Checks.Chk_QuantumParallelRepetition_reweightedSeed_source_equation_twenty_six (2.8s)
✔ [9028/9221] Built Checks.Chk_QuantumParallelRepetition_exactSeedWeight_nonneg (2.6s)
✔ [9029/9221] Built Solutions.Sol_QuantumParallelRepetition_unconditionalFairPhysicalFlaggedStoppingTransfer (94s)
✔ [9030/9221] Built Checks.Chk_QuantumParallelRepetition_mixtureEmbedding_isometry (2.8s)
✔ [9031/9221] Built Checks.Chk_QuantumParallelRepetition_exactReverseBobLowQuestionPotential_eq_alignedPrefix (2.8s)
✔ [9032/9221] Built Solutions.Sol_QuantumParallelRepetition_exactFairAcceptedJointStatistic_reindex (101s)
✔ [9034/9221] Built Checks.Chk_QuantumParallelRepetition_spectralPurificationFilter_memLp_two (2.8s)
✔ [9035/9221] Built Checks.Chk_QuantumParallelRepetition_dSVDensityRationalLargeWidthPhysicalRelativeHazard_eq (2.7s)
✔ [9036/9221] Built Checks.Chk_QuantumParallelRepetition_exactReverseAliceFilterOperatorMarkerEntropy_sum_telescope (2.7s)
✔ [9037/9221] Built Checks.Chk_QuantumParallelRepetition_exactFairAcceptedBobEntropy_le_sourceRate (2.7s)
✔ [9038/9221] Built Checks.Chk_QuantumParallelRepetition_unconditionalActualFairSourceRoundingData_exists_stoppedVerifier (2.8s)
✔ [9039/9221] Built Checks.Chk_QuantumParallelRepetition_exactReverseBobFilterOperatorMarkerEntropy_sum_le_scalarEntropy (2.7s)
✔ [9040/9221] Built Checks.Chk_QuantumParallelRepetition_unconditionalActualFairWeightedStoppedSuccess (2.8s)
✔ [9041/9221] Built Checks.Chk_QuantumParallelRepetition_exactFixedAliceQuestionMass_eq_product (2.6s)
✔ [9042/9221] Built Checks.Chk_QuantumParallelRepetition_exactAliceSourceConditionalInformation_eq_joint_atom_sum (2.7s)
✔ [9043/9221] Built Checks.Chk_QuantumParallelRepetition_unconditionalNormalizedCanonicalRetainedWork_norm_sq (2.8s)
✔ [9044/9221] Built Checks.Chk_QuantumParallelRepetition_exact_source_equation_twenty_seven_support_preserving_of_information (2.7s)
✔ [9045/9221] Built Checks.Chk_QuantumParallelRepetition_exactReverseBobMarkerDecode_rightInverse (2.9s)
✔ [9046/9221] Built Checks.Chk_QuantumParallelRepetition_exactReverseBobHighQuestionPotential_eq_alignedPrefix (2.9s)
✔ [9047/9221] Built Checks.Chk_QuantumParallelRepetition_unconditionalActualFairSourceBaseSupportedBorn (2.7s)
✔ [9048/9221] Built Checks.Chk_QuantumParallelRepetition_answerLogCost_nonneg_of_postselection (2.7s)
✔ [9049/9221] Built Checks.Chk_QuantumParallelRepetition_exact_standardQuantumParallelRepetition_of_source_rounding (2.9s)
✔ [9050/9221] Built Checks.Chk_QuantumParallelRepetition_exactAliceConditionalMatrix_eq_joint (2.7s)
✔ [9051/9221] Built Checks.Chk_QuantumParallelRepetition_commonFinitePurification_weighted_left_variation_le (2.7s)
✔ [9052/9221] Built Checks.Chk_QuantumParallelRepetition_exactFairAliceMeanBornMass_eq_fullOutcome_sum (2.8s)
✔ [9053/9221] Built Checks.Chk_QuantumParallelRepetition_diagonalSchmidtState_norm_sq (2.8s)
✔ [9054/9221] Built Checks.Chk_QuantumParallelRepetition_unconditionalActualC485NormalizedDiagonalWork_mass_sum_le_one (2.6s)
✔ [9055/9221] Built Checks.Chk_QuantumParallelRepetition_dSVDensityRationalHeterogeneousPhysicalStoppedAsynchronousMass_le_targetDistance (2.7s)
✔ [9056/9221] Built Checks.Chk_QuantumParallelRepetition_exactAlicePurificationFamily_posSemidef (2.7s)
✔ [9058/9221] Built Checks.Chk_QuantumParallelRepetition_exactReverseBobConditionalSeedWeight_sum (2.7s)
✔ [9059/9221] Built Checks.Chk_QuantumParallelRepetition_exact_exists_support_preserving_local_shared_permutation (2.6s)
✔ [9060/9221] Built Checks.Chk_QuantumParallelRepetition_positiveMatrixSpectralAtom_sum (2.7s)
✔ [9061/9221] Built Checks.Chk_QuantumParallelRepetition_UnconditionalActualFairSourceRoundingContext_width_positive (2.6s)
✔ [9062/9221] Built Checks.Chk_QuantumParallelRepetition_exactSeedWeight_sum (2.7s)
✔ [9063/9221] Built Checks.Chk_QuantumParallelRepetition_dSVDensityRationalHeterogeneousPhysicalTerminalMass_le_pow (2.7s)
✔ [9064/9221] Built Checks.Chk_QuantumParallelRepetition_exactReverseAliceConditionalSeedWeight_sum (2.8s)
✔ [9065/9221] Built Checks.Chk_QuantumParallelRepetition_exactReverseBobMarkerCode_injective (2.8s)
✔ [9066/9221] Built Checks.Chk_QuantumParallelRepetition_mixtureBlockMatrix_trace (2.7s)
✔ [9067/9221] Built Checks.Chk_QuantumParallelRepetition_exactBobConditionalMatrix_eq_joint (2.8s)
✔ [9068/9221] Built Checks.Chk_QuantumParallelRepetition_reweightedSeedPrefixEntropyIncrement_eq_conditional (2.8s)
✔ [9069/9221] Built Checks.Chk_QuantumParallelRepetition_exists_proofDSVDensityRationalHeterogeneousStoppedCommonStopGaugeErrorBound (2.8s)
✔ [9070/9221] Built Checks.Chk_QuantumParallelRepetition_commonPurificationSubspace_finiteDimensional (2.8s)
✔ [9071/9221] Built Checks.Chk_QuantumParallelRepetition_unconditionalExactFairStoppedPhaseHarmonicClippedUnit_le (2.9s)
✔ [9072/9221] Built Checks.Chk_QuantumParallelRepetition_exactReverseAliceMarkerCode_injective (2.8s)
✔ [9074/9221] Built Checks.Chk_QuantumParallelRepetition_dSVDensityRationalHeterogeneousPhysicalDiagonalSurvival_budget (2.9s)
✔ [9075/9221] Built Checks.Chk_QuantumParallelRepetition_exactBobQuestionFilter_eq_jointPrefixOperatorFilter (2.9s)
✔ [9076/9221] Built Checks.Chk_QuantumParallelRepetition_exactReverseAliceHighQuestionPotential_eq_alignedPrefix (2.8s)
✔ [9077/9221] Built Checks.Chk_QuantumParallelRepetition_posSemidef_blockDiagonal_prime (2.8s)
✔ [9078/9221] Built Checks.Chk_QuantumParallelRepetition_matrixLogEntropy_born_lower_bound_left (2.8s)
✔ [9079/9221] Built Checks.Chk_QuantumParallelRepetition_exactReverseRightSide_coordinate_mem (2.9s)
✔ [9080/9221] Built Checks.Chk_QuantumParallelRepetition_exactReverseAliceUniformMarkedSeed_sum (2.8s)
✔ [9081/9221] Built Checks.Chk_QuantumParallelRepetition_mixtureBlockMatrix_posSemidef (2.8s)
✔ [9082/9221] Built Checks.Chk_QuantumParallelRepetition_dSVUniformDensitySpectralAtomDiscrepancy_le (2.9s)
✔ [9083/9221] Built Checks.Chk_QuantumParallelRepetition_unconditionalSourcePhysicalRounding_exists_fairStoppingHazard (2.7s)
✔ [9084/9221] Built Checks.Chk_QuantumParallelRepetition_exactBobSourceMarginalInformation_le (3.1s)
✔ [9085/9221] Built Checks.Chk_QuantumParallelRepetition_exactFairAliceMeanFilter_eq_jointPrefixOperatorFilter (2.7s)
✔ [9088/9221] Built Checks.Chk_QuantumParallelRepetition_strategyPurificationVector_norm (2.7s)
✔ [9090/9221] Built Checks.Chk_QuantumParallelRepetition_commonFinitePurification_weighted_right_variation_le (2.0s)
✔ [9091/9221] Built Checks.Chk_QuantumParallelRepetition_exactSourceStateDistanceBound_of_fair_operator_entropy (2.8s)
✔ [9092/9221] Built Checks.Chk_QuantumParallelRepetition_exactReverseBobConditionalHistoryIdentification_proved (2.6s)
✔ [9093/9221] Built Checks.Chk_QuantumParallelRepetition_fullCoordinateAliceEntropyIncrement_nonneg (2.9s)
✔ [9094/9221] Built Checks.Chk_QuantumParallelRepetition_exactAliceCoordinateFilter_sum (2.8s)
✔ [9095/9221] Built Checks.Chk_QuantumParallelRepetition_dSVUniformDensityThresholdSharedState_norm (3.1s)
✔ [9096/9221] Built Checks.Chk_QuantumParallelRepetition_reweightedSeedPrefixPriorMarginal_ne_zero_of_positive_atom (2.8s)
✔ [9097/9221] Built Checks.Chk_QuantumParallelRepetition_matrixLogEntropy_weighted_jensen_posSemidef (2.8s)
✔ [9098/9221] Built Checks.Chk_QuantumParallelRepetition_ensemble_spectralPurificationFilterEntryLp_mem_common (2.8s)
✔ [9099/9221] Built Checks.Chk_QuantumParallelRepetition_exactSourceNormalizedWinningEffect_eq_conditional (2.8s)
✔ [9100/9221] Built Checks.Chk_QuantumParallelRepetition_fullHistoryRemaining_insert_subset (3.0s)
✔ [9101/9221] Built Checks.Chk_QuantumParallelRepetition_exactBobQuestionFilter_posSemidef (2.8s)
✔ [9102/9221] Built Checks.Chk_QuantumParallelRepetition_exactSourceSharedFlagWeight_nonneg (2.8s)
✔ [9103/9221] Built Checks.Chk_QuantumParallelRepetition_exactReverseBobCanonicalPartition_unique (2.8s)
✔ [9104/9221] Built Checks.Chk_QuantumParallelRepetition_dSVDensityRationalPhysicalProjector_complement_pos (2.8s)
✔ [9105/9221] Built Checks.Chk_QuantumParallelRepetition_dSVSoftBobLeftReducedDensity_posSemidef (2.8s)
✔ [9106/9221] Built Checks.Chk_QuantumParallelRepetition_exactConditionedReverseBobNextJoint_marked_conditional_eq_fixedOutcome (2.7s)
✔ [9107/9221] Built Checks.Chk_QuantumParallelRepetition_fullSubsetHistory_mass_eq_postselection (2.9s)
✔ [9108/9221] Built Checks.Chk_QuantumParallelRepetition_exactReverseAliceConditionalSeedWeight_nonneg (2.8s)
✔ [9109/9221] Built Checks.Chk_QuantumParallelRepetition_unconditionalActualFairSourceSamplerData_of_positive (2.8s)
✔ [9110/9221] Built Checks.Chk_QuantumParallelRepetition_actualStoppingQuestionLocalWinningProbability_ge_matched (2.8s)
✔ [9112/9221] Built Checks.Chk_QuantumParallelRepetition_exactReverseBobUniformMarkedSeed_sum (2.8s)
✔ [9113/9221] Built Checks.Chk_QuantumParallelRepetition_exists_proofUniversalHarmonicCatalyst (3.0s)
✔ [9114/9221] Built Checks.Chk_QuantumParallelRepetition_exactAliceQuestionPurificationMatrix_gram (2.8s)
✔ [9115/9221] Built Checks.Chk_QuantumParallelRepetition_exactFairGammaPsiDistance_mul_postselection_le (2.7s)
✔ [9116/9221] Built Checks.Chk_QuantumParallelRepetition_exactAliceSourceMarginalInformation_le (2.7s)
✔ [9117/9221] Built Checks.Chk_QuantumParallelRepetition_exactFairPsiPhiDistance_mul_postselection_le (2.7s)
✔ [9118/9221] Built Checks.Chk_QuantumParallelRepetition_reweightedSeed_flagged_projection_relativeEntropy_le (2.0s)
✔ [9119/9221] Built Checks.Chk_QuantumParallelRepetition_exactSourceConditionalWinningProbability_eq_normalized_verifier (2.7s)
✔ [9120/9221] Built Checks.Chk_QuantumParallelRepetition_exactFairAcceptedAliceEntropy_le_sourceRate (2.8s)
✔ [9121/9221] Built Checks.Chk_QuantumParallelRepetition_exactRemainingCoordinate_card_pos (2.7s)
✔ [9122/9221] Built Checks.Chk_QuantumParallelRepetition_exactReverseBobCanonicalPartition_otherSide (2.8s)
✔ [9124/9221] Built Checks.Chk_QuantumParallelRepetition_exactFairBobMeanFilter_eq_jointPrefixOperatorFilter (2.7s)
✔ [9125/9221] Built Checks.Chk_QuantumParallelRepetition_exactSourceGlobalCatalystWinningEffect_law_supported_verifier (2.8s)
✔ [9126/9221] Built Checks.Chk_QuantumParallelRepetition_dSVUniformLeftDensityConjugateSwapVector_norm (2.8s)
✔ [9127/9221] Built Checks.Chk_QuantumParallelRepetition_exactReverseBobFilterOperatorMarkerEntropy_sum_telescope (3.1s)
✔ [9128/9221] Built Checks.Chk_QuantumParallelRepetition_dSVDensityRationalHeterogeneousPhysicalStageHazardRatio_le_relative_diagonal (2.8s)
✔ [9129/9221] Built Checks.Chk_QuantumParallelRepetition_embezzlementState_norm (2.8s)
✔ [9130/9221] Built Checks.Chk_QuantumParallelRepetition_unconditionalExactSourceScalarClipping (2.7s)
✔ [9131/9221] Built Checks.Chk_QuantumParallelRepetition_exactReverseAlice_history_of_marked_context (2.7s)
✔ [9132/9221] Built Checks.Chk_QuantumParallelRepetition_exactReverseAliceCanonicalPartition_unique (2.7s)
✔ [9133/9221] Built Checks.Chk_QuantumParallelRepetition_exactRevealCode_eq_iff_fair_question_masks (2.7s)
✔ [9134/9221] Built Checks.Chk_QuantumParallelRepetition_reweightedSeedPrefix_absolute_continuity (2.7s)
✔ [9135/9221] Built Checks.Chk_QuantumParallelRepetition_dSVDensityRationalCompleteProjectiveThresholdProjector_pos (2.5s)
✔ [9136/9221] Built Checks.Chk_QuantumParallelRepetition_exactReverseBobCanonicalPartition_card (2.9s)
✔ [9137/9221] Built Checks.Chk_QuantumParallelRepetition_dSVUniformDensityPolarConjugateSwap_norm (2.8s)
✔ [9138/9221] Built Checks.Chk_QuantumParallelRepetition_exactAliceQuestionMass_eq_jointPrefixQuestionMass (2.9s)
✔ [9139/9221] Built Checks.Chk_QuantumParallelRepetition_dSVDensityRationalHeterogeneousActualPhysicalFlagBornState_allFlags (3.0s)
✔ [9141/9221] Built Checks.Chk_QuantumParallelRepetition_unconditionalActualPhysicalMixedAcceptedSpectralGauge_stage (2.9s)
✔ [9142/9221] Built Checks.Chk_QuantumParallelRepetition_unconditionalActualFairSourceRoundingContext_verifierLedger (2.9s)
✔ [9143/9221] Built Checks.Chk_QuantumParallelRepetition_exactBobPurificationFamily_posSemidef (2.7s)
✔ [9144/9221] Built Checks.Chk_QuantumParallelRepetition_exactLocallySampleableLaw_absolute_continuous_roundedJA (2.9s)
✔ [9145/9221] Built Checks.Chk_QuantumParallelRepetition_exists_proofDSVDensityRationalPublicBucketPhysicalMixedPrefixCleanup_sq (2.8s)
✔ [9146/9221] Built Checks.Chk_QuantumParallelRepetition_exactReverseAliceSideMarkedPosteriorConditional_eq_fixedSeedFiber (2.8s)
✔ [9147/9221] Built Checks.Chk_QuantumParallelRepetition_exactConditionedReverseBobNextPrior_marked_joint_factor (2.9s)
✔ [9148/9221] Built Checks.Chk_QuantumParallelRepetition_unconditionalActualFairSourceRoundingContext_cleanBound (2.9s)
✔ [9149/9221] Built Checks.Chk_QuantumParallelRepetition_exactFairWinningOutcomeBornMass_eq_fiber_conditional (3.1s)
✔ [9151/9221] Built Checks.Chk_QuantumParallelRepetition_exactReverseAliceCanonicalPartition_otherSide (3.0s)
✔ [9152/9221] Built Checks.Chk_QuantumParallelRepetition_exactSourceWinningEffect_quadratic_eq_conditional (2.8s)
✔ [9153/9221] Built Checks.Chk_QuantumParallelRepetition_unconditionalActualCanonicalFullSource_eq_rawSelectedStage (2.9s)
✔ [9154/9221] Built Checks.Chk_QuantumParallelRepetition_exactReverseRightSide_complement (2.8s)
✔ [9155/9221] Built Checks.Chk_QuantumParallelRepetition_exactReverseLeftSide_coordinate_mem (2.9s)
✔ [9156/9221] Built Checks.Chk_QuantumParallelRepetition_dSVDensityRationalHeterogeneousCommonStopSpectralAliceMass_eq_diagonalBorn (2.8s)
✔ [9157/9221] Built Checks.Chk_QuantumParallelRepetition_dSVDensityRationalMixedAcceptedPrefix_norm_sq (2.8s)
✔ [9158/9221] Built Checks.Chk_QuantumParallelRepetition_exactSourceConditionalWinningProbability_eq_fine_born_ratio (2.7s)
✔ [9159/9221] Built Checks.Chk_QuantumParallelRepetition_exactGlobalHistoryLocalIndex_card_pos (2.8s)
✔ [9160/9221] Built Checks.Chk_QuantumParallelRepetition_exactLocallySampleableLaw_eq_fair_born (2.8s)
✔ [9161/9221] Built Checks.Chk_QuantumParallelRepetition_dSVDensityRationalHeterogeneousPhysicalStopped_mass_partition (2.8s)
✔ [9163/9221] Built Checks.Chk_QuantumParallelRepetition_aliceMartingaleEntropyBudget (2.8s)
✔ [9164/9221] Built Checks.Chk_QuantumParallelRepetition_permutationMatrix_mem_unitary (2.7s)
✔ [9165/9221] Built Checks.Chk_QuantumParallelRepetition_exactAliceQuestionFilter_eq_fullJointPrefixOperatorFilter (2.9s)
✔ [9166/9221] Built Checks.Chk_QuantumParallelRepetition_unconditionalSelectedCopyIdealStage_norm_sq (2.8s)
✔ [9167/9221] Built Checks.Chk_QuantumParallelRepetition_exists_proofUnconditionalStoppedCommonPrefixBalancedHazard (2.9s)
✔ [9168/9221] Built Checks.Chk_QuantumParallelRepetition_exactFairConditionedAnswerBornMass_eq_fiber_norm (2.7s)
✔ [9170/9221] Built Checks.Chk_QuantumParallelRepetition_exists_proofDSVDensityRationalHeterogeneousCommonStopSpectralGaugeContinuity_sq (2.8s)
✔ [9171/9221] Built Checks.Chk_QuantumParallelRepetition_exactReverseAliceLowQuestionPotential_eq_alignedPrefix (2.8s)
✔ [9172/9221] Built Checks.Chk_QuantumParallelRepetition_exactBobSourceConditionalInformation_eq_joint_atom_sum (2.8s)
✔ [9173/9221] Built Checks.Chk_QuantumParallelRepetition_exactFairBobSeedScalarEntropy_le (2.8s)
✔ [9176/9221] Built Checks.Chk_QuantumParallelRepetition_exactAliceCoordinateFilter_posSemidef (2.6s)
✔ [9177/9221] Built Checks.Chk_QuantumParallelRepetition_standardQuantumParallelRepetition (2.7s)
✔ [9178/9221] Built Checks.Chk_QuantumParallelRepetition_exactRight_coordinate_not_mem (2.8s)
✔ [9180/9221] Built Checks.Chk_QuantumParallelRepetition_normalizeOrDefault_norm (2.8s)
✔ [9181/9221] Built Checks.Chk_QuantumParallelRepetition_exact_source_equation_twenty_seven_support_preserving_unconditional (2.7s)
✔ [9182/9221] Built Checks.Chk_QuantumParallelRepetition_exists_proofDSVDensityRationalHeterogeneousStoppedCommonPrefixHazardBound (2.7s)
✔ [9183/9221] Built Checks.Chk_QuantumParallelRepetition_dSVDensityRationalHeterogeneousPhysicalStageDiagonalSuccess_ge_uniform (2.9s)
✔ [9184/9221] Built Checks.Chk_QuantumParallelRepetition_unconditionalActualFairSourcePhysicalStopBornWitness (2.7s)
✔ [9185/9221] Built Checks.Chk_QuantumParallelRepetition_exists_proofDSVUniformDensityPolarLeftCanonicalSchmidt (2.8s)
✔ [9186/9221] Built Checks.Chk_QuantumParallelRepetition_martingale_log_cost_eq (2.9s)
✔ [9188/9221] Built Checks.Chk_QuantumParallelRepetition_fullHistoryRemaining_insert_conditioned (2.7s)
✔ [9191/9221] Built Checks.Chk_QuantumParallelRepetition_exactSourceSharedFlagWeight_sum (2.8s)
✔ [9192/9221] Built Checks.Chk_QuantumParallelRepetition_exactReverseAliceCanonicalPartition_side (2.6s)
✔ [9193/9221] Built Checks.Chk_QuantumParallelRepetition_exactAliceQuestionFilter_eq_jointPrefixOperatorFilter (2.7s)
✔ [9194/9221] Built Checks.Chk_QuantumParallelRepetition_exactReverseRightSide_card (2.7s)
✔ [9195/9221] Built Checks.Chk_QuantumParallelRepetition_unconditionalActualFairSourceRoundingContext_analyticLedger (2.8s)
✔ [9196/9221] Built Checks.Chk_QuantumParallelRepetition_exactReverseAliceCanonicalPartition_card (2.7s)
✔ [9197/9221] Built Checks.Chk_QuantumParallelRepetition_unconditionalSourcePhysicalCleanedSelectedHistoryEquiv_hit (2.7s)
✔ [9198/9221] Built Checks.Chk_QuantumParallelRepetition_exactReverseAliceFilterOperatorMarkerEntropy_sum_le_scalarEntropy (2.6s)
✔ [9199/9221] Built Checks.Chk_QuantumParallelRepetition_exactReverseLeftSide_card (2.7s)
✔ [9200/9221] Built Checks.Chk_QuantumParallelRepetition_unconditionalActualFairCleanedRow_le_one (2.7s)
✔ [9201/9221] Built Checks.Chk_QuantumParallelRepetition_exactReverseBobCanonicalPartition_side (2.7s)
✔ [9202/9221] Built Checks.Chk_QuantumParallelRepetition_dSVDensityRationalCanonicalNormalizedTarget_norm (2.6s)
✔ [9203/9221] Built Checks.Chk_QuantumParallelRepetition_scalarResolventFilter_memLp_two (2.8s)
✔ [9204/9221] Built Checks.Chk_QuantumParallelRepetition_exact_source_equation_twenty_seven_support_preserving (2.8s)
✔ [9205/9221] Built Checks.Chk_QuantumParallelRepetition_exactConditionedReverseAliceNextPrior_marked_joint_factor (2.7s)
✔ [9206/9221] Built Checks.Chk_QuantumParallelRepetition_exactReverseLeftSide_complement (2.8s)
✔ [9207/9221] Built Checks.Chk_QuantumParallelRepetition_dSVDensityRationalPublicBucketLocalHarmonicCleanup_sq (2.8s)
✔ [9208/9221] Built Checks.Chk_QuantumParallelRepetition_purifiedRefinedEffect_posSemidef (2.9s)
✔ [9209/9221] Built Checks.Chk_QuantumParallelRepetition_UnconditionalActualFairSourceRoundingContext_answerNonempty (2.8s)
✔ [9210/9221] Built Checks.Chk_QuantumParallelRepetition_finiteTensorLocalUnitaryMatrix_gram (2.9s)
✔ [9211/9221] Built Checks.Chk_QuantumParallelRepetition_exactAliceQuestionFilter_posSemidef (2.7s)
✔ [9212/9221] Built Checks.Chk_QuantumParallelRepetition_unconditionalActualFixedSourceDecodedMatchedBranch (2.7s)
✔ [9213/9221] Built Checks.Chk_QuantumParallelRepetition_exactReverseBobActualMarkedEntropy_eq_source (2.6s)
✔ [9214/9221] Built Checks.Chk_QuantumParallelRepetition_arbitrarily_large_purified_divisor_greedy_conditioning_with_rounding (2.7s)
✔ [9215/9221] Built Checks.Chk_QuantumParallelRepetition_dSVDensityRationalHeterogeneousPhysicalStageHazardRatio_le_targetDistance (2.7s)
✔ [9216/9221] Built Checks.Chk_QuantumParallelRepetition_exactGlobalHistoryVector_norm (2.6s)
✔ [9217/9221] Built Checks.Chk_QuantumParallelRepetition_purifiedRefinedEffect_complete (2.7s)
✔ [9218/9221] Built Checks.Chk_QuantumParallelRepetition_exactReverseAliceMarkedContextInformation_eq_source (2.7s)
✔ [9219/9221] Built Checks.Chk_QuantumParallelRepetition_exactFairAcceptedJointStatistic_reindex (2.8s)
✔ [9220/9221] Built Checks.Chk_QuantumParallelRepetition_unconditionalFairPhysicalFlaggedStoppingTransfer (2.8s)
Build completed successfully (9221 jobs).
