=== ROUND 2 gate ===
Sun Aug  9 20:49:21 UTC 2026
--- Definitions ---
Sun Aug  9 20:49:21 UTC 2026
Build completed successfully (3599 jobs).
--- Definitions done ---
Sun Aug  9 20:49:28 UTC 2026
--- Theorems ---
Sun Aug  9 20:49:28 UTC 2026
Build completed successfully (3737 jobs).
--- Theorems done ---
Sun Aug  9 20:49:40 UTC 2026
--- Solutions ---
Sun Aug  9 20:49:40 UTC 2026
✖ [8772/8786] Building Solutions.Sol_QuantumParallelRepetition_entangledValue_polynomial_decay (3.4s)
error: Solutions/Sol_QuantumParallelRepetition_entangledValue_polynomial_decay.lean:27:33: Unknown identifier `div_le_div_iff`
error: Lean exited with code 1
Some required targets logged failures:
- Solutions.Sol_QuantumParallelRepetition_entangledValue_polynomial_decay
error: build failed
--- Solutions done ---
Sun Aug  9 20:51:48 UTC 2026
--- Checks ---
Sun Aug  9 20:51:48 UTC 2026
Build completed successfully (4157 jobs).
--- Checks done ---
Sun Aug  9 20:54:39 UTC 2026
=== ROUND 2 done ===
Sun Aug  9 20:54:39 UTC 2026
